// Jest Snapshot v1, https://goo.gl/fbAQLP

exports[`src/containers/pages/Admin/Credentials/ renders correctly 1`] = `
Object {
  "children": <ForwardRef(InternalForm)
    initialValues={
      Object {
        "confirm": "",
        "password": "",
        "temporary": false,
      }
    }
    labelCol={
      Object {
        "span": 4,
      }
    }
    onFinish={[Function]}
    wrapperCol={
      Object {
        "span": 16,
      }
    }
  >
    <FormItem
      hasFeedback={true}
      label="Password"
      name="password"
      rules={
        Array [
          Object {
            "message": "Please input your password!",
            "required": true,
          },
        ]
      }
    >
      <Password
        action="click"
        iconRender={[Function]}
        visibilityToggle={true}
      />
    </FormItem>
    <FormItem
      dependencies={
        Array [
          "password",
        ]
      }
      hasFeedback={true}
      label="Confirm Password"
      name="confirm"
      rules={
        Array [
          Object {
            "message": "Please confirm your password!",
            "required": true,
          },
          [Function],
        ]
      }
    >
      <Password
        action="click"
        iconRender={[Function]}
        visibilityToggle={true}
      />
    </FormItem>
    <FormItem
      label="Temporary"
      name="temporary"
      valuePropName="checked"
    >
      <Switch />
    </FormItem>
    <FormItem>
      <Row
        justify="start"
      >
        <Col
          span={4}
        >
          <Button
            block={false}
            className="reset-password"
            ghost={false}
            htmlType="submit"
            loading={false}
          >
            Reset Password
          </Button>
        </Col>
      </Row>
    </FormItem>
  </ForwardRef(InternalForm)>,
  "className": "form-container",
}
`;

exports[`src/containers/pages/Admin/Credentials/ shows validation error if required fields are empty: confirm row class 1`] = `"ant-form-item ant-form-item-has-feedback ant-form-item-has-error"`;

exports[`src/containers/pages/Admin/Credentials/ shows validation error if required fields are empty: confirm row div 1`] = `"ant-row ant-form-item ant-form-item-has-feedback ant-form-item-has-error"`;

exports[`src/containers/pages/Admin/Credentials/ shows validation error if required fields are empty: password div class 1`] = `"ant-row ant-form-item ant-form-item-has-feedback ant-form-item-has-error"`;

exports[`src/containers/pages/Admin/Credentials/ shows validation error if required fields are empty: password row class 1`] = `"ant-form-item ant-form-item-has-feedback ant-form-item-has-error"`;
