// Jest Snapshot v1, https://goo.gl/fbAQLP

exports[`components/ConnectedSidebar Test order of menu 1`] = `
Array [
  <SubMenu
    icon={
      <MapMarkerOutlineIcon
        className="sidebar-icons"
      />
    }
    title="Missions"
  >
    <MenuItem>
      <Link
        className="admin-link"
        to="/missions/active"
      >
        Active
      </Link>
    </MenuItem>
    <MenuItem>
      <Link
        className="admin-link"
        to="/missions/draft"
      >
        Draft
      </Link>
    </MenuItem>
    <MenuItem>
      <Link
        className="admin-link"
        to="/missions/complete"
      >
        Complete
      </Link>
    </MenuItem>
    <MenuItem>
      <Link
        className="admin-link"
        to="/missions/trash"
      >
        Retired
      </Link>
    </MenuItem>
  </SubMenu>,
  <SubMenu
    icon={
      <ForwardRef(IdcardOutlined)
        className="sidebar-icons"
      />
    }
    title="Card Support"
  >
    <MenuItem>
      <Link
        className="admin-link"
        to="/card-support/download-client-data"
      >
        Download Client Data
      </Link>
    </MenuItem>
  </SubMenu>,
  <SubMenu
    icon={
      <ArchiveOutlineIcon
        className="sidebar-icons"
      />
    }
    title="Inventory"
  >
    <MenuItem>
      <Link
        className="admin-link"
        to="/inventory/list"
      >
        Service point inventory
      </Link>
    </MenuItem>
    <MenuItem>
      <Link
        className="admin-link"
        to="/inventory/upload"
      >
        Add inventory via CSV
      </Link>
    </MenuItem>
  </SubMenu>,
  <SubMenu
    icon={
      <ForwardRef(SettingOutlined)
        className="sidebar-icons"
      />
    }
    title="Admin"
  >
    <SubMenu
      title="Users"
    >
      <MenuItem>
        <Link
          className="admin-link"
          to="/admin/users/list"
        >
          User Management
        </Link>
      </MenuItem>
      <MenuItem>
        <Link
          className="admin-link"
          to="/admin/users/groups"
        >
          User Groups
        </Link>
      </MenuItem>
    </SubMenu>
    <MenuItem>
      <Link
        className="admin-link"
        to="/admin/teams"
      >
        Teams
      </Link>
    </MenuItem>
    <MenuItem>
      <Link
        className="admin-link"
        to="/product-catalogue/list"
      >
        Product Catalogue
      </Link>
    </MenuItem>
    <SubMenu
      title="Locations"
    >
      <MenuItem>
        <Link
          className="admin-link"
          to="/admin/location/unit"
        >
          Location unit
        </Link>
      </MenuItem>
      <MenuItem>
        <Link
          className="admin-link"
          to="/admin/location/group"
        >
          Location unit group
        </Link>
      </MenuItem>
    </SubMenu>
    <SubMenu
      title="Form Configuration"
    >
      <MenuItem>
        <Link
          className="admin-link"
          to="/admin/form-config/releases"
        >
          Manifest Releases
        </Link>
      </MenuItem>
      <MenuItem>
        <Link
          className="admin-link"
          to="/admin/form-config/drafts"
        >
          Draft Files
        </Link>
      </MenuItem>
      <MenuItem>
        <Link
          className="admin-link"
          to="/admin/form-config/json-validators"
        >
          JSON Validators
        </Link>
      </MenuItem>
    </SubMenu>
  </SubMenu>,
]
`;

exports[`components/ConnectedSidebar correctly expand admin-form-config menu 1`] = `
Array [
  <SubMenu
    icon={
      <MapMarkerOutlineIcon
        className="sidebar-icons"
      />
    }
    title="Missions"
  >
    <MenuItem>
      <Link
        className="admin-link"
        to="/missions/active"
      >
        Active
      </Link>
    </MenuItem>
    <MenuItem>
      <Link
        className="admin-link"
        to="/missions/draft"
      >
        Draft
      </Link>
    </MenuItem>
    <MenuItem>
      <Link
        className="admin-link"
        to="/missions/complete"
      >
        Complete
      </Link>
    </MenuItem>
    <MenuItem>
      <Link
        className="admin-link"
        to="/missions/trash"
      >
        Retired
      </Link>
    </MenuItem>
  </SubMenu>,
  <SubMenu
    icon={
      <ForwardRef(IdcardOutlined)
        className="sidebar-icons"
      />
    }
    title="Card Support"
  >
    <MenuItem>
      <Link
        className="admin-link"
        to="/card-support/download-client-data"
      >
        Download Client Data
      </Link>
    </MenuItem>
  </SubMenu>,
  <SubMenu
    icon={
      <ArchiveOutlineIcon
        className="sidebar-icons"
      />
    }
    title="Inventory"
  >
    <MenuItem>
      <Link
        className="admin-link"
        to="/inventory/list"
      >
        Service point inventory
      </Link>
    </MenuItem>
    <MenuItem>
      <Link
        className="admin-link"
        to="/inventory/upload"
      >
        Add inventory via CSV
      </Link>
    </MenuItem>
  </SubMenu>,
  <SubMenu
    icon={
      <ForwardRef(SettingOutlined)
        className="sidebar-icons"
      />
    }
    title="Admin"
  >
    <SubMenu
      title="Users"
    >
      <MenuItem>
        <Link
          className="admin-link"
          to="/admin/users/list"
        >
          User Management
        </Link>
      </MenuItem>
      <MenuItem>
        <Link
          className="admin-link"
          to="/admin/users/groups"
        >
          User Groups
        </Link>
      </MenuItem>
    </SubMenu>
    <MenuItem>
      <Link
        className="admin-link"
        to="/admin/teams"
      >
        Teams
      </Link>
    </MenuItem>
    <MenuItem>
      <Link
        className="admin-link"
        to="/product-catalogue/list"
      >
        Product Catalogue
      </Link>
    </MenuItem>
    <SubMenu
      title="Locations"
    >
      <MenuItem>
        <Link
          className="admin-link"
          to="/admin/location/unit"
        >
          Location unit
        </Link>
      </MenuItem>
      <MenuItem>
        <Link
          className="admin-link"
          to="/admin/location/group"
        >
          Location unit group
        </Link>
      </MenuItem>
    </SubMenu>
    <SubMenu
      title="Form Configuration"
    >
      <MenuItem>
        <Link
          className="admin-link"
          to="/admin/form-config/releases"
        >
          Manifest Releases
        </Link>
      </MenuItem>
      <MenuItem>
        <Link
          className="admin-link"
          to="/admin/form-config/drafts"
        >
          Draft Files
        </Link>
      </MenuItem>
      <MenuItem>
        <Link
          className="admin-link"
          to="/admin/form-config/json-validators"
        >
          JSON Validators
        </Link>
      </MenuItem>
    </SubMenu>
  </SubMenu>,
]
`;

exports[`components/ConnectedSidebar correctly expand form-config menu 1`] = `
Array [
  <SubMenu
    icon={
      <MapMarkerOutlineIcon
        className="sidebar-icons"
      />
    }
    title="Missions"
  >
    <MenuItem>
      <Link
        className="admin-link"
        to="/missions/active"
      >
        Active
      </Link>
    </MenuItem>
    <MenuItem>
      <Link
        className="admin-link"
        to="/missions/draft"
      >
        Draft
      </Link>
    </MenuItem>
    <MenuItem>
      <Link
        className="admin-link"
        to="/missions/complete"
      >
        Complete
      </Link>
    </MenuItem>
    <MenuItem>
      <Link
        className="admin-link"
        to="/missions/trash"
      >
        Retired
      </Link>
    </MenuItem>
  </SubMenu>,
  <SubMenu
    icon={
      <ForwardRef(IdcardOutlined)
        className="sidebar-icons"
      />
    }
    title="Card Support"
  >
    <MenuItem>
      <Link
        className="admin-link"
        to="/card-support/download-client-data"
      >
        Download Client Data
      </Link>
    </MenuItem>
  </SubMenu>,
  <SubMenu
    icon={
      <ArchiveOutlineIcon
        className="sidebar-icons"
      />
    }
    title="Inventory"
  >
    <MenuItem>
      <Link
        className="admin-link"
        to="/inventory/list"
      >
        Service point inventory
      </Link>
    </MenuItem>
    <MenuItem>
      <Link
        className="admin-link"
        to="/inventory/upload"
      >
        Add inventory via CSV
      </Link>
    </MenuItem>
  </SubMenu>,
  <SubMenu
    icon={
      <ForwardRef(SettingOutlined)
        className="sidebar-icons"
      />
    }
    title="Admin"
  >
    <SubMenu
      title="Users"
    >
      <MenuItem>
        <Link
          className="admin-link"
          to="/admin/users/list"
        >
          User Management
        </Link>
      </MenuItem>
      <MenuItem>
        <Link
          className="admin-link"
          to="/admin/users/groups"
        >
          User Groups
        </Link>
      </MenuItem>
    </SubMenu>
    <MenuItem>
      <Link
        className="admin-link"
        to="/admin/teams"
      >
        Teams
      </Link>
    </MenuItem>
    <MenuItem>
      <Link
        className="admin-link"
        to="/product-catalogue/list"
      >
        Product Catalogue
      </Link>
    </MenuItem>
    <SubMenu
      title="Locations"
    >
      <MenuItem>
        <Link
          className="admin-link"
          to="/admin/location/unit"
        >
          Location unit
        </Link>
      </MenuItem>
      <MenuItem>
        <Link
          className="admin-link"
          to="/admin/location/group"
        >
          Location unit group
        </Link>
      </MenuItem>
    </SubMenu>
    <SubMenu
      title="Form Configuration"
    >
      <MenuItem>
        <Link
          className="admin-link"
          to="/admin/form-config/releases"
        >
          Manifest Releases
        </Link>
      </MenuItem>
      <MenuItem>
        <Link
          className="admin-link"
          to="/admin/form-config/drafts"
        >
          Draft Files
        </Link>
      </MenuItem>
      <MenuItem>
        <Link
          className="admin-link"
          to="/admin/form-config/json-validators"
        >
          JSON Validators
        </Link>
      </MenuItem>
    </SubMenu>
  </SubMenu>,
]
`;

exports[`components/ConnectedSidebar correctly expand location menu 1`] = `
Array [
  <SubMenu
    icon={
      <MapMarkerOutlineIcon
        className="sidebar-icons"
      />
    }
    title="Missions"
  >
    <MenuItem>
      <Link
        className="admin-link"
        to="/missions/active"
      >
        Active
      </Link>
    </MenuItem>
    <MenuItem>
      <Link
        className="admin-link"
        to="/missions/draft"
      >
        Draft
      </Link>
    </MenuItem>
    <MenuItem>
      <Link
        className="admin-link"
        to="/missions/complete"
      >
        Complete
      </Link>
    </MenuItem>
    <MenuItem>
      <Link
        className="admin-link"
        to="/missions/trash"
      >
        Retired
      </Link>
    </MenuItem>
  </SubMenu>,
  <SubMenu
    icon={
      <ForwardRef(IdcardOutlined)
        className="sidebar-icons"
      />
    }
    title="Card Support"
  >
    <MenuItem>
      <Link
        className="admin-link"
        to="/card-support/download-client-data"
      >
        Download Client Data
      </Link>
    </MenuItem>
  </SubMenu>,
  <SubMenu
    icon={
      <ArchiveOutlineIcon
        className="sidebar-icons"
      />
    }
    title="Inventory"
  >
    <MenuItem>
      <Link
        className="admin-link"
        to="/inventory/list"
      >
        Service point inventory
      </Link>
    </MenuItem>
    <MenuItem>
      <Link
        className="admin-link"
        to="/inventory/upload"
      >
        Add inventory via CSV
      </Link>
    </MenuItem>
  </SubMenu>,
  <SubMenu
    icon={
      <ForwardRef(SettingOutlined)
        className="sidebar-icons"
      />
    }
    title="Admin"
  >
    <SubMenu
      title="Users"
    >
      <MenuItem>
        <Link
          className="admin-link"
          to="/admin/users/list"
        >
          User Management
        </Link>
      </MenuItem>
      <MenuItem>
        <Link
          className="admin-link"
          to="/admin/users/groups"
        >
          User Groups
        </Link>
      </MenuItem>
    </SubMenu>
    <MenuItem>
      <Link
        className="admin-link"
        to="/admin/teams"
      >
        Teams
      </Link>
    </MenuItem>
    <MenuItem>
      <Link
        className="admin-link"
        to="/product-catalogue/list"
      >
        Product Catalogue
      </Link>
    </MenuItem>
    <SubMenu
      title="Locations"
    >
      <MenuItem>
        <Link
          className="admin-link"
          to="/admin/location/unit"
        >
          Location unit
        </Link>
      </MenuItem>
      <MenuItem>
        <Link
          className="admin-link"
          to="/admin/location/group"
        >
          Location unit group
        </Link>
      </MenuItem>
    </SubMenu>
    <SubMenu
      title="Form Configuration"
    >
      <MenuItem>
        <Link
          className="admin-link"
          to="/admin/form-config/releases"
        >
          Manifest Releases
        </Link>
      </MenuItem>
      <MenuItem>
        <Link
          className="admin-link"
          to="/admin/form-config/drafts"
        >
          Draft Files
        </Link>
      </MenuItem>
      <MenuItem>
        <Link
          className="admin-link"
          to="/admin/form-config/json-validators"
        >
          JSON Validators
        </Link>
      </MenuItem>
    </SubMenu>
  </SubMenu>,
]
`;

exports[`components/ConnectedSidebar correctly expand location menu 2`] = `
Array [
  <SubMenu
    icon={
      <MapMarkerOutlineIcon
        className="sidebar-icons"
      />
    }
    title="Missions"
  >
    <MenuItem>
      <Link
        className="admin-link"
        to="/missions/active"
      >
        Active
      </Link>
    </MenuItem>
    <MenuItem>
      <Link
        className="admin-link"
        to="/missions/draft"
      >
        Draft
      </Link>
    </MenuItem>
    <MenuItem>
      <Link
        className="admin-link"
        to="/missions/complete"
      >
        Complete
      </Link>
    </MenuItem>
    <MenuItem>
      <Link
        className="admin-link"
        to="/missions/trash"
      >
        Retired
      </Link>
    </MenuItem>
  </SubMenu>,
  <SubMenu
    icon={
      <ForwardRef(IdcardOutlined)
        className="sidebar-icons"
      />
    }
    title="Card Support"
  >
    <MenuItem>
      <Link
        className="admin-link"
        to="/card-support/download-client-data"
      >
        Download Client Data
      </Link>
    </MenuItem>
  </SubMenu>,
  <SubMenu
    icon={
      <ArchiveOutlineIcon
        className="sidebar-icons"
      />
    }
    title="Inventory"
  >
    <MenuItem>
      <Link
        className="admin-link"
        to="/inventory/list"
      >
        Service point inventory
      </Link>
    </MenuItem>
    <MenuItem>
      <Link
        className="admin-link"
        to="/inventory/upload"
      >
        Add inventory via CSV
      </Link>
    </MenuItem>
  </SubMenu>,
  <SubMenu
    icon={
      <ForwardRef(SettingOutlined)
        className="sidebar-icons"
      />
    }
    title="Admin"
  >
    <SubMenu
      title="Users"
    >
      <MenuItem>
        <Link
          className="admin-link"
          to="/admin/users/list"
        >
          User Management
        </Link>
      </MenuItem>
      <MenuItem>
        <Link
          className="admin-link"
          to="/admin/users/groups"
        >
          User Groups
        </Link>
      </MenuItem>
    </SubMenu>
    <MenuItem>
      <Link
        className="admin-link"
        to="/admin/teams"
      >
        Teams
      </Link>
    </MenuItem>
    <MenuItem>
      <Link
        className="admin-link"
        to="/product-catalogue/list"
      >
        Product Catalogue
      </Link>
    </MenuItem>
    <SubMenu
      title="Locations"
    >
      <MenuItem>
        <Link
          className="admin-link"
          to="/admin/location/unit"
        >
          Location unit
        </Link>
      </MenuItem>
      <MenuItem>
        <Link
          className="admin-link"
          to="/admin/location/group"
        >
          Location unit group
        </Link>
      </MenuItem>
    </SubMenu>
    <SubMenu
      title="Form Configuration"
    >
      <MenuItem>
        <Link
          className="admin-link"
          to="/admin/form-config/releases"
        >
          Manifest Releases
        </Link>
      </MenuItem>
      <MenuItem>
        <Link
          className="admin-link"
          to="/admin/form-config/drafts"
        >
          Draft Files
        </Link>
      </MenuItem>
      <MenuItem>
        <Link
          className="admin-link"
          to="/admin/form-config/json-validators"
        >
          JSON Validators
        </Link>
      </MenuItem>
    </SubMenu>
  </SubMenu>,
]
`;

exports[`components/ConnectedSidebar correctly expand teams menu 1`] = `
Array [
  <SubMenu
    icon={
      <MapMarkerOutlineIcon
        className="sidebar-icons"
      />
    }
    title="Missions"
  >
    <MenuItem>
      <Link
        className="admin-link"
        to="/missions/active"
      >
        Active
      </Link>
    </MenuItem>
    <MenuItem>
      <Link
        className="admin-link"
        to="/missions/draft"
      >
        Draft
      </Link>
    </MenuItem>
    <MenuItem>
      <Link
        className="admin-link"
        to="/missions/complete"
      >
        Complete
      </Link>
    </MenuItem>
    <MenuItem>
      <Link
        className="admin-link"
        to="/missions/trash"
      >
        Retired
      </Link>
    </MenuItem>
  </SubMenu>,
  <SubMenu
    icon={
      <ForwardRef(IdcardOutlined)
        className="sidebar-icons"
      />
    }
    title="Card Support"
  >
    <MenuItem>
      <Link
        className="admin-link"
        to="/card-support/download-client-data"
      >
        Download Client Data
      </Link>
    </MenuItem>
  </SubMenu>,
  <SubMenu
    icon={
      <ArchiveOutlineIcon
        className="sidebar-icons"
      />
    }
    title="Inventory"
  >
    <MenuItem>
      <Link
        className="admin-link"
        to="/inventory/list"
      >
        Service point inventory
      </Link>
    </MenuItem>
    <MenuItem>
      <Link
        className="admin-link"
        to="/inventory/upload"
      >
        Add inventory via CSV
      </Link>
    </MenuItem>
  </SubMenu>,
  <SubMenu
    icon={
      <ForwardRef(SettingOutlined)
        className="sidebar-icons"
      />
    }
    title="Admin"
  >
    <SubMenu
      title="Users"
    >
      <MenuItem>
        <Link
          className="admin-link"
          to="/admin/users/list"
        >
          User Management
        </Link>
      </MenuItem>
      <MenuItem>
        <Link
          className="admin-link"
          to="/admin/users/groups"
        >
          User Groups
        </Link>
      </MenuItem>
    </SubMenu>
    <MenuItem>
      <Link
        className="admin-link"
        to="/admin/teams"
      >
        Teams
      </Link>
    </MenuItem>
    <MenuItem>
      <Link
        className="admin-link"
        to="/product-catalogue/list"
      >
        Product Catalogue
      </Link>
    </MenuItem>
    <SubMenu
      title="Locations"
    >
      <MenuItem>
        <Link
          className="admin-link"
          to="/admin/location/unit"
        >
          Location unit
        </Link>
      </MenuItem>
      <MenuItem>
        <Link
          className="admin-link"
          to="/admin/location/group"
        >
          Location unit group
        </Link>
      </MenuItem>
    </SubMenu>
    <SubMenu
      title="Form Configuration"
    >
      <MenuItem>
        <Link
          className="admin-link"
          to="/admin/form-config/releases"
        >
          Manifest Releases
        </Link>
      </MenuItem>
      <MenuItem>
        <Link
          className="admin-link"
          to="/admin/form-config/drafts"
        >
          Draft Files
        </Link>
      </MenuItem>
      <MenuItem>
        <Link
          className="admin-link"
          to="/admin/form-config/json-validators"
        >
          JSON Validators
        </Link>
      </MenuItem>
    </SubMenu>
  </SubMenu>,
]
`;

exports[`components/ConnectedSidebar correctly expand users menu 1`] = `
Array [
  <SubMenu
    icon={
      <MapMarkerOutlineIcon
        className="sidebar-icons"
      />
    }
    title="Missions"
  >
    <MenuItem>
      <Link
        className="admin-link"
        to="/missions/active"
      >
        Active
      </Link>
    </MenuItem>
    <MenuItem>
      <Link
        className="admin-link"
        to="/missions/draft"
      >
        Draft
      </Link>
    </MenuItem>
    <MenuItem>
      <Link
        className="admin-link"
        to="/missions/complete"
      >
        Complete
      </Link>
    </MenuItem>
    <MenuItem>
      <Link
        className="admin-link"
        to="/missions/trash"
      >
        Retired
      </Link>
    </MenuItem>
  </SubMenu>,
  <SubMenu
    icon={
      <ForwardRef(IdcardOutlined)
        className="sidebar-icons"
      />
    }
    title="Card Support"
  >
    <MenuItem>
      <Link
        className="admin-link"
        to="/card-support/download-client-data"
      >
        Download Client Data
      </Link>
    </MenuItem>
  </SubMenu>,
  <SubMenu
    icon={
      <ArchiveOutlineIcon
        className="sidebar-icons"
      />
    }
    title="Inventory"
  >
    <MenuItem>
      <Link
        className="admin-link"
        to="/inventory/list"
      >
        Service point inventory
      </Link>
    </MenuItem>
    <MenuItem>
      <Link
        className="admin-link"
        to="/inventory/upload"
      >
        Add inventory via CSV
      </Link>
    </MenuItem>
  </SubMenu>,
  <SubMenu
    icon={
      <ForwardRef(SettingOutlined)
        className="sidebar-icons"
      />
    }
    title="Admin"
  >
    <SubMenu
      title="Users"
    >
      <MenuItem>
        <Link
          className="admin-link"
          to="/admin/users/list"
        >
          User Management
        </Link>
      </MenuItem>
      <MenuItem>
        <Link
          className="admin-link"
          to="/admin/users/groups"
        >
          User Groups
        </Link>
      </MenuItem>
    </SubMenu>
    <MenuItem>
      <Link
        className="admin-link"
        to="/admin/teams"
      >
        Teams
      </Link>
    </MenuItem>
    <MenuItem>
      <Link
        className="admin-link"
        to="/product-catalogue/list"
      >
        Product Catalogue
      </Link>
    </MenuItem>
    <SubMenu
      title="Locations"
    >
      <MenuItem>
        <Link
          className="admin-link"
          to="/admin/location/unit"
        >
          Location unit
        </Link>
      </MenuItem>
      <MenuItem>
        <Link
          className="admin-link"
          to="/admin/location/group"
        >
          Location unit group
        </Link>
      </MenuItem>
    </SubMenu>
    <SubMenu
      title="Form Configuration"
    >
      <MenuItem>
        <Link
          className="admin-link"
          to="/admin/form-config/releases"
        >
          Manifest Releases
        </Link>
      </MenuItem>
      <MenuItem>
        <Link
          className="admin-link"
          to="/admin/form-config/drafts"
        >
          Draft Files
        </Link>
      </MenuItem>
      <MenuItem>
        <Link
          className="admin-link"
          to="/admin/form-config/json-validators"
        >
          JSON Validators
        </Link>
      </MenuItem>
    </SubMenu>
  </SubMenu>,
]
`;

exports[`components/ConnectedSidebar correctly expand users menu 2`] = `
Array [
  <SubMenu
    icon={
      <MapMarkerOutlineIcon
        className="sidebar-icons"
      />
    }
    title="Missions"
  >
    <MenuItem>
      <Link
        className="admin-link"
        to="/missions/active"
      >
        Active
      </Link>
    </MenuItem>
    <MenuItem>
      <Link
        className="admin-link"
        to="/missions/draft"
      >
        Draft
      </Link>
    </MenuItem>
    <MenuItem>
      <Link
        className="admin-link"
        to="/missions/complete"
      >
        Complete
      </Link>
    </MenuItem>
    <MenuItem>
      <Link
        className="admin-link"
        to="/missions/trash"
      >
        Retired
      </Link>
    </MenuItem>
  </SubMenu>,
  <SubMenu
    icon={
      <ForwardRef(IdcardOutlined)
        className="sidebar-icons"
      />
    }
    title="Card Support"
  >
    <MenuItem>
      <Link
        className="admin-link"
        to="/card-support/download-client-data"
      >
        Download Client Data
      </Link>
    </MenuItem>
  </SubMenu>,
  <SubMenu
    icon={
      <ArchiveOutlineIcon
        className="sidebar-icons"
      />
    }
    title="Inventory"
  >
    <MenuItem>
      <Link
        className="admin-link"
        to="/inventory/list"
      >
        Service point inventory
      </Link>
    </MenuItem>
    <MenuItem>
      <Link
        className="admin-link"
        to="/inventory/upload"
      >
        Add inventory via CSV
      </Link>
    </MenuItem>
  </SubMenu>,
  <SubMenu
    icon={
      <ForwardRef(SettingOutlined)
        className="sidebar-icons"
      />
    }
    title="Admin"
  >
    <SubMenu
      title="Users"
    >
      <MenuItem>
        <Link
          className="admin-link"
          to="/admin/users/list"
        >
          User Management
        </Link>
      </MenuItem>
      <MenuItem>
        <Link
          className="admin-link"
          to="/admin/users/groups"
        >
          User Groups
        </Link>
      </MenuItem>
    </SubMenu>
    <MenuItem>
      <Link
        className="admin-link"
        to="/admin/teams"
      >
        Teams
      </Link>
    </MenuItem>
    <MenuItem>
      <Link
        className="admin-link"
        to="/product-catalogue/list"
      >
        Product Catalogue
      </Link>
    </MenuItem>
    <SubMenu
      title="Locations"
    >
      <MenuItem>
        <Link
          className="admin-link"
          to="/admin/location/unit"
        >
          Location unit
        </Link>
      </MenuItem>
      <MenuItem>
        <Link
          className="admin-link"
          to="/admin/location/group"
        >
          Location unit group
        </Link>
      </MenuItem>
    </SubMenu>
    <SubMenu
      title="Form Configuration"
    >
      <MenuItem>
        <Link
          className="admin-link"
          to="/admin/form-config/releases"
        >
          Manifest Releases
        </Link>
      </MenuItem>
      <MenuItem>
        <Link
          className="admin-link"
          to="/admin/form-config/drafts"
        >
          Draft Files
        </Link>
      </MenuItem>
      <MenuItem>
        <Link
          className="admin-link"
          to="/admin/form-config/json-validators"
        >
          JSON Validators
        </Link>
      </MenuItem>
    </SubMenu>
  </SubMenu>,
]
`;

exports[`components/ConnectedSidebar shows the correct logg: Logo 1`] = `
<div
  className="logo"
>
  <Link
    to="/"
  >
    <LinkAnchor
      href="/"
      navigate={[Function]}
    >
      <a
        href="/"
        onClick={[Function]}
      >
        <img
          alt=""
          className="img-fluid"
          src="https://github.com/OpenSRP/web/raw/master/app/src/assets/images/opensrp-logo-color.png"
        />
      </a>
    </LinkAnchor>
  </Link>
</div>
`;
