// Jest Snapshot v1, https://goo.gl/fbAQLP

exports[`components/pages/languageSwitcher works correctly: the language options 1`] = `
Array [
  <li
    className="ant-dropdown-menu-item"
    onClick={[Function]}
    onMouseEnter={[Function]}
    onMouseLeave={[Function]}
    role="menuitem"
    style={Object {}}
  >
    en
    English
  </li>,
  <li
    className="ant-dropdown-menu-item"
    onClick={[Function]}
    onMouseEnter={[Function]}
    onMouseLeave={[Function]}
    role="menuitem"
    style={Object {}}
  >
    fr
    Français
  </li>,
]
`;
