// Jest Snapshot v1, https://goo.gl/fbAQLP

exports[`containers/pages/locations/locationunit renders without crashing 1`] = `
Object {
  "children": Array [
    <HelmetWrapper
      defer={true}
      encodeSpecialCharacters={true}
    >
      <title>
        Locations Unit
      </title>
    </HelmetWrapper>,
    <h5
      className="mb-3"
    >
      Location Unit Management
    </h5>,
    <Row>
      <Col
        className="bg-white p-3"
        span={6}
      >
        <Tree
          data={
            Array [
              Object {
                "children": Array [
                  Object {
                    "children": Array [
                      Object {
                        "key": "1",
                        "title": "1",
                      },
                    ],
                    "key": "Bo",
                    "title": "Bo",
                  },
                  Object {
                    "children": Array [
                      Object {
                        "key": "2",
                        "title": "2",
                      },
                    ],
                    "key": "Bombali",
                    "title": "Bombali",
                  },
                  Object {
                    "children": Array [
                      Object {
                        "children": Array [
                          Object {
                            "key": "Bayama CHP",
                            "title": "Bayama CHP",
                          },
                        ],
                        "key": "Kissi Ten",
                        "title": "Kissi Ten",
                      },
                    ],
                    "key": "Bonthe",
                    "title": "Bonthe",
                  },
                ],
                "key": "Sierra Leone",
                "title": "Sierra Leone",
              },
            ]
          }
        />
      </Col>
      <Col
        className="bg-white p-3 border-left"
        span={18}
      >
        <div
          className="mb-3 d-flex justify-content-between"
        >
          <h5
            className="mt-4"
          >
            Bombali
          </h5>
          <div>
            <Button
              block={false}
              ghost={false}
              htmlType="button"
              loading={false}
              type="primary"
            >
              <ForwardRef(PlusOutlined) />
              Add location unit
            </Button>
            <Divider
              type="vertical"
            />
            <Dropdown
              mouseEnterDelay={0.15}
              mouseLeaveDelay={0.1}
              overlay={
                <Menu>
                  <MenuItem>
                    Logout
                  </MenuItem>
                </Menu>
              }
              placement="bottomRight"
            >
              <Button
                block={false}
                ghost={false}
                htmlType="button"
                icon={<ForwardRef(SettingOutlined) />}
                loading={false}
                shape="circle"
                type="text"
              />
            </Dropdown>
          </div>
        </div>
        <div
          className="bg-white p-4"
        >
          <ForwardRef(InternalForm)
            component={false}
            form={
              Object {
                "__INTERNAL__": Object {
                  "itemRef": [Function],
                },
                "getFieldError": [Function],
                "getFieldInstance": [Function],
                "getFieldValue": [Function],
                "getFieldsError": [Function],
                "getFieldsValue": [Function],
                "getInternalHooks": [Function],
                "isFieldTouched": [Function],
                "isFieldValidating": [Function],
                "isFieldsTouched": [Function],
                "isFieldsValidating": [Function],
                "resetFields": [Function],
                "scrollToField": [Function],
                "setFields": [Function],
                "setFieldsValue": [Function],
                "submit": [Function],
                "validateFields": [Function],
              }
            }
          >
            <Table
              columns={
                Array [
                  Object {
                    "dataIndex": "name",
                    "editable": true,
                    "onCell": [Function],
                    "sorter": [Function],
                    "title": "Name",
                  },
                  Object {
                    "dataIndex": "level",
                    "editable": true,
                    "onCell": [Function],
                    "sorter": [Function],
                    "title": "Level",
                  },
                  Object {
                    "dataIndex": "lastupdated",
                    "editable": true,
                    "onCell": [Function],
                    "render": [Function],
                    "sorter": [Function],
                    "title": "Last Updated",
                  },
                  Object {
                    "dataIndex": "operation",
                    "render": [Function],
                    "title": "Actions",
                    "width": "10%",
                  },
                ]
              }
              components={
                Object {
                  "body": Object {
                    "cell": [Function],
                  },
                }
              }
              dataSource={
                Array [
                  Object {
                    "created": 2020-10-22T09:15:56.000Z,
                    "externalid": "asdkjh1230",
                    "key": "0",
                    "lastupdated": 2020-10-22T09:15:56.000Z,
                    "level": 2,
                    "name": "Edrward 0",
                    "openmrsid": "asdasdasdkjh1230",
                    "status": "Alive",
                    "syncstatus": "Synced",
                    "type": "Feautire",
                    "username": "edward 0",
                    "version": "0",
                  },
                  Object {
                    "created": 2020-10-22T09:15:56.000Z,
                    "externalid": "asdkjh1231",
                    "key": "1",
                    "lastupdated": 2020-10-22T09:15:56.000Z,
                    "level": 2,
                    "name": "Edrward 1",
                    "openmrsid": "asdasdasdkjh1231",
                    "status": "Alive",
                    "syncstatus": "Synced",
                    "type": "Feautire",
                    "username": "edward 1",
                    "version": "1",
                  },
                  Object {
                    "created": 2020-10-22T09:15:56.000Z,
                    "externalid": "asdkjh1232",
                    "key": "2",
                    "lastupdated": 2020-10-22T09:15:56.000Z,
                    "level": 2,
                    "name": "Edrward 2",
                    "openmrsid": "asdasdasdkjh1232",
                    "status": "Alive",
                    "syncstatus": "Synced",
                    "type": "Feautire",
                    "username": "edward 2",
                    "version": "2",
                  },
                  Object {
                    "created": 2020-10-22T09:15:56.000Z,
                    "externalid": "asdkjh1233",
                    "key": "3",
                    "lastupdated": 2020-10-22T09:15:56.000Z,
                    "level": 2,
                    "name": "Edrward 3",
                    "openmrsid": "asdasdasdkjh1233",
                    "status": "Alive",
                    "syncstatus": "Synced",
                    "type": "Feautire",
                    "username": "edward 3",
                    "version": "3",
                  },
                  Object {
                    "created": 2020-10-22T09:15:56.000Z,
                    "externalid": "asdkjh1234",
                    "key": "4",
                    "lastupdated": 2020-10-22T09:15:56.000Z,
                    "level": 2,
                    "name": "Edrward 4",
                    "openmrsid": "asdasdasdkjh1234",
                    "status": "Alive",
                    "syncstatus": "Synced",
                    "type": "Feautire",
                    "username": "edward 4",
                    "version": "4",
                  },
                  Object {
                    "created": 2020-10-22T09:15:56.000Z,
                    "externalid": "asdkjh1235",
                    "key": "5",
                    "lastupdated": 2020-10-22T09:15:56.000Z,
                    "level": 2,
                    "name": "Edrward 5",
                    "openmrsid": "asdasdasdkjh1235",
                    "status": "Alive",
                    "syncstatus": "Synced",
                    "type": "Feautire",
                    "username": "edward 5",
                    "version": "5",
                  },
                  Object {
                    "created": 2020-10-22T09:15:56.000Z,
                    "externalid": "asdkjh1236",
                    "key": "6",
                    "lastupdated": 2020-10-22T09:15:56.000Z,
                    "level": 2,
                    "name": "Edrward 6",
                    "openmrsid": "asdasdasdkjh1236",
                    "status": "Alive",
                    "syncstatus": "Synced",
                    "type": "Feautire",
                    "username": "edward 6",
                    "version": "6",
                  },
                  Object {
                    "created": 2020-10-22T09:15:56.000Z,
                    "externalid": "asdkjh1237",
                    "key": "7",
                    "lastupdated": 2020-10-22T09:15:56.000Z,
                    "level": 2,
                    "name": "Edrward 7",
                    "openmrsid": "asdasdasdkjh1237",
                    "status": "Alive",
                    "syncstatus": "Synced",
                    "type": "Feautire",
                    "username": "edward 7",
                    "version": "7",
                  },
                  Object {
                    "created": 2020-10-22T09:15:56.000Z,
                    "externalid": "asdkjh1238",
                    "key": "8",
                    "lastupdated": 2020-10-22T09:15:56.000Z,
                    "level": 2,
                    "name": "Edrward 8",
                    "openmrsid": "asdasdasdkjh1238",
                    "status": "Alive",
                    "syncstatus": "Synced",
                    "type": "Feautire",
                    "username": "edward 8",
                    "version": "8",
                  },
                  Object {
                    "created": 2020-10-22T09:15:56.000Z,
                    "externalid": "asdkjh1239",
                    "key": "9",
                    "lastupdated": 2020-10-22T09:15:56.000Z,
                    "level": 2,
                    "name": "Edrward 9",
                    "openmrsid": "asdasdasdkjh1239",
                    "status": "Alive",
                    "syncstatus": "Synced",
                    "type": "Feautire",
                    "username": "edward 9",
                    "version": "9",
                  },
                  Object {
                    "created": 2020-10-22T09:15:56.000Z,
                    "externalid": "asdkjh12310",
                    "key": "10",
                    "lastupdated": 2020-10-22T09:15:56.000Z,
                    "level": 2,
                    "name": "Edrward 10",
                    "openmrsid": "asdasdasdkjh12310",
                    "status": "Alive",
                    "syncstatus": "Synced",
                    "type": "Feautire",
                    "username": "edward 10",
                    "version": "10",
                  },
                  Object {
                    "created": 2020-10-22T09:15:56.000Z,
                    "externalid": "asdkjh12311",
                    "key": "11",
                    "lastupdated": 2020-10-22T09:15:56.000Z,
                    "level": 2,
                    "name": "Edrward 11",
                    "openmrsid": "asdasdasdkjh12311",
                    "status": "Alive",
                    "syncstatus": "Synced",
                    "type": "Feautire",
                    "username": "edward 11",
                    "version": "11",
                  },
                  Object {
                    "created": 2020-10-22T09:15:56.000Z,
                    "externalid": "asdkjh12312",
                    "key": "12",
                    "lastupdated": 2020-10-22T09:15:56.000Z,
                    "level": 2,
                    "name": "Edrward 12",
                    "openmrsid": "asdasdasdkjh12312",
                    "status": "Alive",
                    "syncstatus": "Synced",
                    "type": "Feautire",
                    "username": "edward 12",
                    "version": "12",
                  },
                  Object {
                    "created": 2020-10-22T09:15:56.000Z,
                    "externalid": "asdkjh12313",
                    "key": "13",
                    "lastupdated": 2020-10-22T09:15:56.000Z,
                    "level": 2,
                    "name": "Edrward 13",
                    "openmrsid": "asdasdasdkjh12313",
                    "status": "Alive",
                    "syncstatus": "Synced",
                    "type": "Feautire",
                    "username": "edward 13",
                    "version": "13",
                  },
                  Object {
                    "created": 2020-10-22T09:15:56.000Z,
                    "externalid": "asdkjh12314",
                    "key": "14",
                    "lastupdated": 2020-10-22T09:15:56.000Z,
                    "level": 2,
                    "name": "Edrward 14",
                    "openmrsid": "asdasdasdkjh12314",
                    "status": "Alive",
                    "syncstatus": "Synced",
                    "type": "Feautire",
                    "username": "edward 14",
                    "version": "14",
                  },
                  Object {
                    "created": 2020-10-22T09:15:56.000Z,
                    "externalid": "asdkjh12315",
                    "key": "15",
                    "lastupdated": 2020-10-22T09:15:56.000Z,
                    "level": 2,
                    "name": "Edrward 15",
                    "openmrsid": "asdasdasdkjh12315",
                    "status": "Alive",
                    "syncstatus": "Synced",
                    "type": "Feautire",
                    "username": "edward 15",
                    "version": "15",
                  },
                  Object {
                    "created": 2020-10-22T09:15:56.000Z,
                    "externalid": "asdkjh12316",
                    "key": "16",
                    "lastupdated": 2020-10-22T09:15:56.000Z,
                    "level": 2,
                    "name": "Edrward 16",
                    "openmrsid": "asdasdasdkjh12316",
                    "status": "Alive",
                    "syncstatus": "Synced",
                    "type": "Feautire",
                    "username": "edward 16",
                    "version": "16",
                  },
                  Object {
                    "created": 2020-10-22T09:15:56.000Z,
                    "externalid": "asdkjh12317",
                    "key": "17",
                    "lastupdated": 2020-10-22T09:15:56.000Z,
                    "level": 2,
                    "name": "Edrward 17",
                    "openmrsid": "asdasdasdkjh12317",
                    "status": "Alive",
                    "syncstatus": "Synced",
                    "type": "Feautire",
                    "username": "edward 17",
                    "version": "17",
                  },
                  Object {
                    "created": 2020-10-22T09:15:56.000Z,
                    "externalid": "asdkjh12318",
                    "key": "18",
                    "lastupdated": 2020-10-22T09:15:56.000Z,
                    "level": 2,
                    "name": "Edrward 18",
                    "openmrsid": "asdasdasdkjh12318",
                    "status": "Alive",
                    "syncstatus": "Synced",
                    "type": "Feautire",
                    "username": "edward 18",
                    "version": "18",
                  },
                  Object {
                    "created": 2020-10-22T09:15:56.000Z,
                    "externalid": "asdkjh12319",
                    "key": "19",
                    "lastupdated": 2020-10-22T09:15:56.000Z,
                    "level": 2,
                    "name": "Edrward 19",
                    "openmrsid": "asdasdasdkjh12319",
                    "status": "Alive",
                    "syncstatus": "Synced",
                    "type": "Feautire",
                    "username": "edward 19",
                    "version": "19",
                  },
                  Object {
                    "created": 2020-10-22T09:15:56.000Z,
                    "externalid": "asdkjh12320",
                    "key": "20",
                    "lastupdated": 2020-10-22T09:15:56.000Z,
                    "level": 2,
                    "name": "Edrward 20",
                    "openmrsid": "asdasdasdkjh12320",
                    "status": "Alive",
                    "syncstatus": "Synced",
                    "type": "Feautire",
                    "username": "edward 20",
                    "version": "20",
                  },
                  Object {
                    "created": 2020-10-22T09:15:56.000Z,
                    "externalid": "asdkjh12321",
                    "key": "21",
                    "lastupdated": 2020-10-22T09:15:56.000Z,
                    "level": 2,
                    "name": "Edrward 21",
                    "openmrsid": "asdasdasdkjh12321",
                    "status": "Alive",
                    "syncstatus": "Synced",
                    "type": "Feautire",
                    "username": "edward 21",
                    "version": "21",
                  },
                  Object {
                    "created": 2020-10-22T09:15:56.000Z,
                    "externalid": "asdkjh12322",
                    "key": "22",
                    "lastupdated": 2020-10-22T09:15:56.000Z,
                    "level": 2,
                    "name": "Edrward 22",
                    "openmrsid": "asdasdasdkjh12322",
                    "status": "Alive",
                    "syncstatus": "Synced",
                    "type": "Feautire",
                    "username": "edward 22",
                    "version": "22",
                  },
                  Object {
                    "created": 2020-10-22T09:15:56.000Z,
                    "externalid": "asdkjh12323",
                    "key": "23",
                    "lastupdated": 2020-10-22T09:15:56.000Z,
                    "level": 2,
                    "name": "Edrward 23",
                    "openmrsid": "asdasdasdkjh12323",
                    "status": "Alive",
                    "syncstatus": "Synced",
                    "type": "Feautire",
                    "username": "edward 23",
                    "version": "23",
                  },
                  Object {
                    "created": 2020-10-22T09:15:56.000Z,
                    "externalid": "asdkjh12324",
                    "key": "24",
                    "lastupdated": 2020-10-22T09:15:56.000Z,
                    "level": 2,
                    "name": "Edrward 24",
                    "openmrsid": "asdasdasdkjh12324",
                    "status": "Alive",
                    "syncstatus": "Synced",
                    "type": "Feautire",
                    "username": "edward 24",
                    "version": "24",
                  },
                  Object {
                    "created": 2020-10-22T09:15:56.000Z,
                    "externalid": "asdkjh12325",
                    "key": "25",
                    "lastupdated": 2020-10-22T09:15:56.000Z,
                    "level": 2,
                    "name": "Edrward 25",
                    "openmrsid": "asdasdasdkjh12325",
                    "status": "Alive",
                    "syncstatus": "Synced",
                    "type": "Feautire",
                    "username": "edward 25",
                    "version": "25",
                  },
                  Object {
                    "created": 2020-10-22T09:15:56.000Z,
                    "externalid": "asdkjh12326",
                    "key": "26",
                    "lastupdated": 2020-10-22T09:15:56.000Z,
                    "level": 2,
                    "name": "Edrward 26",
                    "openmrsid": "asdasdasdkjh12326",
                    "status": "Alive",
                    "syncstatus": "Synced",
                    "type": "Feautire",
                    "username": "edward 26",
                    "version": "26",
                  },
                  Object {
                    "created": 2020-10-22T09:15:56.000Z,
                    "externalid": "asdkjh12327",
                    "key": "27",
                    "lastupdated": 2020-10-22T09:15:56.000Z,
                    "level": 2,
                    "name": "Edrward 27",
                    "openmrsid": "asdasdasdkjh12327",
                    "status": "Alive",
                    "syncstatus": "Synced",
                    "type": "Feautire",
                    "username": "edward 27",
                    "version": "27",
                  },
                  Object {
                    "created": 2020-10-22T09:15:56.000Z,
                    "externalid": "asdkjh12328",
                    "key": "28",
                    "lastupdated": 2020-10-22T09:15:56.000Z,
                    "level": 2,
                    "name": "Edrward 28",
                    "openmrsid": "asdasdasdkjh12328",
                    "status": "Alive",
                    "syncstatus": "Synced",
                    "type": "Feautire",
                    "username": "edward 28",
                    "version": "28",
                  },
                  Object {
                    "created": 2020-10-22T09:15:56.000Z,
                    "externalid": "asdkjh12329",
                    "key": "29",
                    "lastupdated": 2020-10-22T09:15:56.000Z,
                    "level": 2,
                    "name": "Edrward 29",
                    "openmrsid": "asdasdasdkjh12329",
                    "status": "Alive",
                    "syncstatus": "Synced",
                    "type": "Feautire",
                    "username": "edward 29",
                    "version": "29",
                  },
                  Object {
                    "created": 2020-10-22T09:15:56.000Z,
                    "externalid": "asdkjh12330",
                    "key": "30",
                    "lastupdated": 2020-10-22T09:15:56.000Z,
                    "level": 2,
                    "name": "Edrward 30",
                    "openmrsid": "asdasdasdkjh12330",
                    "status": "Alive",
                    "syncstatus": "Synced",
                    "type": "Feautire",
                    "username": "edward 30",
                    "version": "30",
                  },
                  Object {
                    "created": 2020-10-22T09:15:56.000Z,
                    "externalid": "asdkjh12331",
                    "key": "31",
                    "lastupdated": 2020-10-22T09:15:56.000Z,
                    "level": 2,
                    "name": "Edrward 31",
                    "openmrsid": "asdasdasdkjh12331",
                    "status": "Alive",
                    "syncstatus": "Synced",
                    "type": "Feautire",
                    "username": "edward 31",
                    "version": "31",
                  },
                  Object {
                    "created": 2020-10-22T09:15:56.000Z,
                    "externalid": "asdkjh12332",
                    "key": "32",
                    "lastupdated": 2020-10-22T09:15:56.000Z,
                    "level": 2,
                    "name": "Edrward 32",
                    "openmrsid": "asdasdasdkjh12332",
                    "status": "Alive",
                    "syncstatus": "Synced",
                    "type": "Feautire",
                    "username": "edward 32",
                    "version": "32",
                  },
                  Object {
                    "created": 2020-10-22T09:15:56.000Z,
                    "externalid": "asdkjh12333",
                    "key": "33",
                    "lastupdated": 2020-10-22T09:15:56.000Z,
                    "level": 2,
                    "name": "Edrward 33",
                    "openmrsid": "asdasdasdkjh12333",
                    "status": "Alive",
                    "syncstatus": "Synced",
                    "type": "Feautire",
                    "username": "edward 33",
                    "version": "33",
                  },
                  Object {
                    "created": 2020-10-22T09:15:56.000Z,
                    "externalid": "asdkjh12334",
                    "key": "34",
                    "lastupdated": 2020-10-22T09:15:56.000Z,
                    "level": 2,
                    "name": "Edrward 34",
                    "openmrsid": "asdasdasdkjh12334",
                    "status": "Alive",
                    "syncstatus": "Synced",
                    "type": "Feautire",
                    "username": "edward 34",
                    "version": "34",
                  },
                  Object {
                    "created": 2020-10-22T09:15:56.000Z,
                    "externalid": "asdkjh12335",
                    "key": "35",
                    "lastupdated": 2020-10-22T09:15:56.000Z,
                    "level": 2,
                    "name": "Edrward 35",
                    "openmrsid": "asdasdasdkjh12335",
                    "status": "Alive",
                    "syncstatus": "Synced",
                    "type": "Feautire",
                    "username": "edward 35",
                    "version": "35",
                  },
                  Object {
                    "created": 2020-10-22T09:15:56.000Z,
                    "externalid": "asdkjh12336",
                    "key": "36",
                    "lastupdated": 2020-10-22T09:15:56.000Z,
                    "level": 2,
                    "name": "Edrward 36",
                    "openmrsid": "asdasdasdkjh12336",
                    "status": "Alive",
                    "syncstatus": "Synced",
                    "type": "Feautire",
                    "username": "edward 36",
                    "version": "36",
                  },
                  Object {
                    "created": 2020-10-22T09:15:56.000Z,
                    "externalid": "asdkjh12337",
                    "key": "37",
                    "lastupdated": 2020-10-22T09:15:56.000Z,
                    "level": 2,
                    "name": "Edrward 37",
                    "openmrsid": "asdasdasdkjh12337",
                    "status": "Alive",
                    "syncstatus": "Synced",
                    "type": "Feautire",
                    "username": "edward 37",
                    "version": "37",
                  },
                  Object {
                    "created": 2020-10-22T09:15:56.000Z,
                    "externalid": "asdkjh12338",
                    "key": "38",
                    "lastupdated": 2020-10-22T09:15:56.000Z,
                    "level": 2,
                    "name": "Edrward 38",
                    "openmrsid": "asdasdasdkjh12338",
                    "status": "Alive",
                    "syncstatus": "Synced",
                    "type": "Feautire",
                    "username": "edward 38",
                    "version": "38",
                  },
                  Object {
                    "created": 2020-10-22T09:15:56.000Z,
                    "externalid": "asdkjh12339",
                    "key": "39",
                    "lastupdated": 2020-10-22T09:15:56.000Z,
                    "level": 2,
                    "name": "Edrward 39",
                    "openmrsid": "asdasdasdkjh12339",
                    "status": "Alive",
                    "syncstatus": "Synced",
                    "type": "Feautire",
                    "username": "edward 39",
                    "version": "39",
                  },
                  Object {
                    "created": 2020-10-22T09:15:56.000Z,
                    "externalid": "asdkjh12340",
                    "key": "40",
                    "lastupdated": 2020-10-22T09:15:56.000Z,
                    "level": 2,
                    "name": "Edrward 40",
                    "openmrsid": "asdasdasdkjh12340",
                    "status": "Alive",
                    "syncstatus": "Synced",
                    "type": "Feautire",
                    "username": "edward 40",
                    "version": "40",
                  },
                  Object {
                    "created": 2020-10-22T09:15:56.000Z,
                    "externalid": "asdkjh12341",
                    "key": "41",
                    "lastupdated": 2020-10-22T09:15:56.000Z,
                    "level": 2,
                    "name": "Edrward 41",
                    "openmrsid": "asdasdasdkjh12341",
                    "status": "Alive",
                    "syncstatus": "Synced",
                    "type": "Feautire",
                    "username": "edward 41",
                    "version": "41",
                  },
                  Object {
                    "created": 2020-10-22T09:15:56.000Z,
                    "externalid": "asdkjh12342",
                    "key": "42",
                    "lastupdated": 2020-10-22T09:15:56.000Z,
                    "level": 2,
                    "name": "Edrward 42",
                    "openmrsid": "asdasdasdkjh12342",
                    "status": "Alive",
                    "syncstatus": "Synced",
                    "type": "Feautire",
                    "username": "edward 42",
                    "version": "42",
                  },
                  Object {
                    "created": 2020-10-22T09:15:56.000Z,
                    "externalid": "asdkjh12343",
                    "key": "43",
                    "lastupdated": 2020-10-22T09:15:56.000Z,
                    "level": 2,
                    "name": "Edrward 43",
                    "openmrsid": "asdasdasdkjh12343",
                    "status": "Alive",
                    "syncstatus": "Synced",
                    "type": "Feautire",
                    "username": "edward 43",
                    "version": "43",
                  },
                  Object {
                    "created": 2020-10-22T09:15:56.000Z,
                    "externalid": "asdkjh12344",
                    "key": "44",
                    "lastupdated": 2020-10-22T09:15:56.000Z,
                    "level": 2,
                    "name": "Edrward 44",
                    "openmrsid": "asdasdasdkjh12344",
                    "status": "Alive",
                    "syncstatus": "Synced",
                    "type": "Feautire",
                    "username": "edward 44",
                    "version": "44",
                  },
                  Object {
                    "created": 2020-10-22T09:15:56.000Z,
                    "externalid": "asdkjh12345",
                    "key": "45",
                    "lastupdated": 2020-10-22T09:15:56.000Z,
                    "level": 2,
                    "name": "Edrward 45",
                    "openmrsid": "asdasdasdkjh12345",
                    "status": "Alive",
                    "syncstatus": "Synced",
                    "type": "Feautire",
                    "username": "edward 45",
                    "version": "45",
                  },
                  Object {
                    "created": 2020-10-22T09:15:56.000Z,
                    "externalid": "asdkjh12346",
                    "key": "46",
                    "lastupdated": 2020-10-22T09:15:56.000Z,
                    "level": 2,
                    "name": "Edrward 46",
                    "openmrsid": "asdasdasdkjh12346",
                    "status": "Alive",
                    "syncstatus": "Synced",
                    "type": "Feautire",
                    "username": "edward 46",
                    "version": "46",
                  },
                  Object {
                    "created": 2020-10-22T09:15:56.000Z,
                    "externalid": "asdkjh12347",
                    "key": "47",
                    "lastupdated": 2020-10-22T09:15:56.000Z,
                    "level": 2,
                    "name": "Edrward 47",
                    "openmrsid": "asdasdasdkjh12347",
                    "status": "Alive",
                    "syncstatus": "Synced",
                    "type": "Feautire",
                    "username": "edward 47",
                    "version": "47",
                  },
                  Object {
                    "created": 2020-10-22T09:15:56.000Z,
                    "externalid": "asdkjh12348",
                    "key": "48",
                    "lastupdated": 2020-10-22T09:15:56.000Z,
                    "level": 2,
                    "name": "Edrward 48",
                    "openmrsid": "asdasdasdkjh12348",
                    "status": "Alive",
                    "syncstatus": "Synced",
                    "type": "Feautire",
                    "username": "edward 48",
                    "version": "48",
                  },
                  Object {
                    "created": 2020-10-22T09:15:56.000Z,
                    "externalid": "asdkjh12349",
                    "key": "49",
                    "lastupdated": 2020-10-22T09:15:56.000Z,
                    "level": 2,
                    "name": "Edrward 49",
                    "openmrsid": "asdasdasdkjh12349",
                    "status": "Alive",
                    "syncstatus": "Synced",
                    "type": "Feautire",
                    "username": "edward 49",
                    "version": "49",
                  },
                  Object {
                    "created": 2020-10-22T09:15:56.000Z,
                    "externalid": "asdkjh12350",
                    "key": "50",
                    "lastupdated": 2020-10-22T09:15:56.000Z,
                    "level": 2,
                    "name": "Edrward 50",
                    "openmrsid": "asdasdasdkjh12350",
                    "status": "Alive",
                    "syncstatus": "Synced",
                    "type": "Feautire",
                    "username": "edward 50",
                    "version": "50",
                  },
                  Object {
                    "created": 2020-10-22T09:15:56.000Z,
                    "externalid": "asdkjh12351",
                    "key": "51",
                    "lastupdated": 2020-10-22T09:15:56.000Z,
                    "level": 2,
                    "name": "Edrward 51",
                    "openmrsid": "asdasdasdkjh12351",
                    "status": "Alive",
                    "syncstatus": "Synced",
                    "type": "Feautire",
                    "username": "edward 51",
                    "version": "51",
                  },
                  Object {
                    "created": 2020-10-22T09:15:56.000Z,
                    "externalid": "asdkjh12352",
                    "key": "52",
                    "lastupdated": 2020-10-22T09:15:56.000Z,
                    "level": 2,
                    "name": "Edrward 52",
                    "openmrsid": "asdasdasdkjh12352",
                    "status": "Alive",
                    "syncstatus": "Synced",
                    "type": "Feautire",
                    "username": "edward 52",
                    "version": "52",
                  },
                  Object {
                    "created": 2020-10-22T09:15:56.000Z,
                    "externalid": "asdkjh12353",
                    "key": "53",
                    "lastupdated": 2020-10-22T09:15:56.000Z,
                    "level": 2,
                    "name": "Edrward 53",
                    "openmrsid": "asdasdasdkjh12353",
                    "status": "Alive",
                    "syncstatus": "Synced",
                    "type": "Feautire",
                    "username": "edward 53",
                    "version": "53",
                  },
                  Object {
                    "created": 2020-10-22T09:15:56.000Z,
                    "externalid": "asdkjh12354",
                    "key": "54",
                    "lastupdated": 2020-10-22T09:15:56.000Z,
                    "level": 2,
                    "name": "Edrward 54",
                    "openmrsid": "asdasdasdkjh12354",
                    "status": "Alive",
                    "syncstatus": "Synced",
                    "type": "Feautire",
                    "username": "edward 54",
                    "version": "54",
                  },
                  Object {
                    "created": 2020-10-22T09:15:56.000Z,
                    "externalid": "asdkjh12355",
                    "key": "55",
                    "lastupdated": 2020-10-22T09:15:56.000Z,
                    "level": 2,
                    "name": "Edrward 55",
                    "openmrsid": "asdasdasdkjh12355",
                    "status": "Alive",
                    "syncstatus": "Synced",
                    "type": "Feautire",
                    "username": "edward 55",
                    "version": "55",
                  },
                  Object {
                    "created": 2020-10-22T09:15:56.000Z,
                    "externalid": "asdkjh12356",
                    "key": "56",
                    "lastupdated": 2020-10-22T09:15:56.000Z,
                    "level": 2,
                    "name": "Edrward 56",
                    "openmrsid": "asdasdasdkjh12356",
                    "status": "Alive",
                    "syncstatus": "Synced",
                    "type": "Feautire",
                    "username": "edward 56",
                    "version": "56",
                  },
                  Object {
                    "created": 2020-10-22T09:15:56.000Z,
                    "externalid": "asdkjh12357",
                    "key": "57",
                    "lastupdated": 2020-10-22T09:15:56.000Z,
                    "level": 2,
                    "name": "Edrward 57",
                    "openmrsid": "asdasdasdkjh12357",
                    "status": "Alive",
                    "syncstatus": "Synced",
                    "type": "Feautire",
                    "username": "edward 57",
                    "version": "57",
                  },
                  Object {
                    "created": 2020-10-22T09:15:56.000Z,
                    "externalid": "asdkjh12358",
                    "key": "58",
                    "lastupdated": 2020-10-22T09:15:56.000Z,
                    "level": 2,
                    "name": "Edrward 58",
                    "openmrsid": "asdasdasdkjh12358",
                    "status": "Alive",
                    "syncstatus": "Synced",
                    "type": "Feautire",
                    "username": "edward 58",
                    "version": "58",
                  },
                  Object {
                    "created": 2020-10-22T09:15:56.000Z,
                    "externalid": "asdkjh12359",
                    "key": "59",
                    "lastupdated": 2020-10-22T09:15:56.000Z,
                    "level": 2,
                    "name": "Edrward 59",
                    "openmrsid": "asdasdasdkjh12359",
                    "status": "Alive",
                    "syncstatus": "Synced",
                    "type": "Feautire",
                    "username": "edward 59",
                    "version": "59",
                  },
                  Object {
                    "created": 2020-10-22T09:15:56.000Z,
                    "externalid": "asdkjh12360",
                    "key": "60",
                    "lastupdated": 2020-10-22T09:15:56.000Z,
                    "level": 2,
                    "name": "Edrward 60",
                    "openmrsid": "asdasdasdkjh12360",
                    "status": "Alive",
                    "syncstatus": "Synced",
                    "type": "Feautire",
                    "username": "edward 60",
                    "version": "60",
                  },
                  Object {
                    "created": 2020-10-22T09:15:56.000Z,
                    "externalid": "asdkjh12361",
                    "key": "61",
                    "lastupdated": 2020-10-22T09:15:56.000Z,
                    "level": 2,
                    "name": "Edrward 61",
                    "openmrsid": "asdasdasdkjh12361",
                    "status": "Alive",
                    "syncstatus": "Synced",
                    "type": "Feautire",
                    "username": "edward 61",
                    "version": "61",
                  },
                  Object {
                    "created": 2020-10-22T09:15:56.000Z,
                    "externalid": "asdkjh12362",
                    "key": "62",
                    "lastupdated": 2020-10-22T09:15:56.000Z,
                    "level": 2,
                    "name": "Edrward 62",
                    "openmrsid": "asdasdasdkjh12362",
                    "status": "Alive",
                    "syncstatus": "Synced",
                    "type": "Feautire",
                    "username": "edward 62",
                    "version": "62",
                  },
                  Object {
                    "created": 2020-10-22T09:15:56.000Z,
                    "externalid": "asdkjh12363",
                    "key": "63",
                    "lastupdated": 2020-10-22T09:15:56.000Z,
                    "level": 2,
                    "name": "Edrward 63",
                    "openmrsid": "asdasdasdkjh12363",
                    "status": "Alive",
                    "syncstatus": "Synced",
                    "type": "Feautire",
                    "username": "edward 63",
                    "version": "63",
                  },
                  Object {
                    "created": 2020-10-22T09:15:56.000Z,
                    "externalid": "asdkjh12364",
                    "key": "64",
                    "lastupdated": 2020-10-22T09:15:56.000Z,
                    "level": 2,
                    "name": "Edrward 64",
                    "openmrsid": "asdasdasdkjh12364",
                    "status": "Alive",
                    "syncstatus": "Synced",
                    "type": "Feautire",
                    "username": "edward 64",
                    "version": "64",
                  },
                  Object {
                    "created": 2020-10-22T09:15:56.000Z,
                    "externalid": "asdkjh12365",
                    "key": "65",
                    "lastupdated": 2020-10-22T09:15:56.000Z,
                    "level": 2,
                    "name": "Edrward 65",
                    "openmrsid": "asdasdasdkjh12365",
                    "status": "Alive",
                    "syncstatus": "Synced",
                    "type": "Feautire",
                    "username": "edward 65",
                    "version": "65",
                  },
                  Object {
                    "created": 2020-10-22T09:15:56.000Z,
                    "externalid": "asdkjh12366",
                    "key": "66",
                    "lastupdated": 2020-10-22T09:15:56.000Z,
                    "level": 2,
                    "name": "Edrward 66",
                    "openmrsid": "asdasdasdkjh12366",
                    "status": "Alive",
                    "syncstatus": "Synced",
                    "type": "Feautire",
                    "username": "edward 66",
                    "version": "66",
                  },
                  Object {
                    "created": 2020-10-22T09:15:56.000Z,
                    "externalid": "asdkjh12367",
                    "key": "67",
                    "lastupdated": 2020-10-22T09:15:56.000Z,
                    "level": 2,
                    "name": "Edrward 67",
                    "openmrsid": "asdasdasdkjh12367",
                    "status": "Alive",
                    "syncstatus": "Synced",
                    "type": "Feautire",
                    "username": "edward 67",
                    "version": "67",
                  },
                  Object {
                    "created": 2020-10-22T09:15:56.000Z,
                    "externalid": "asdkjh12368",
                    "key": "68",
                    "lastupdated": 2020-10-22T09:15:56.000Z,
                    "level": 2,
                    "name": "Edrward 68",
                    "openmrsid": "asdasdasdkjh12368",
                    "status": "Alive",
                    "syncstatus": "Synced",
                    "type": "Feautire",
                    "username": "edward 68",
                    "version": "68",
                  },
                  Object {
                    "created": 2020-10-22T09:15:56.000Z,
                    "externalid": "asdkjh12369",
                    "key": "69",
                    "lastupdated": 2020-10-22T09:15:56.000Z,
                    "level": 2,
                    "name": "Edrward 69",
                    "openmrsid": "asdasdasdkjh12369",
                    "status": "Alive",
                    "syncstatus": "Synced",
                    "type": "Feautire",
                    "username": "edward 69",
                    "version": "69",
                  },
                  Object {
                    "created": 2020-10-22T09:15:56.000Z,
                    "externalid": "asdkjh12370",
                    "key": "70",
                    "lastupdated": 2020-10-22T09:15:56.000Z,
                    "level": 2,
                    "name": "Edrward 70",
                    "openmrsid": "asdasdasdkjh12370",
                    "status": "Alive",
                    "syncstatus": "Synced",
                    "type": "Feautire",
                    "username": "edward 70",
                    "version": "70",
                  },
                  Object {
                    "created": 2020-10-22T09:15:56.000Z,
                    "externalid": "asdkjh12371",
                    "key": "71",
                    "lastupdated": 2020-10-22T09:15:56.000Z,
                    "level": 2,
                    "name": "Edrward 71",
                    "openmrsid": "asdasdasdkjh12371",
                    "status": "Alive",
                    "syncstatus": "Synced",
                    "type": "Feautire",
                    "username": "edward 71",
                    "version": "71",
                  },
                  Object {
                    "created": 2020-10-22T09:15:56.000Z,
                    "externalid": "asdkjh12372",
                    "key": "72",
                    "lastupdated": 2020-10-22T09:15:56.000Z,
                    "level": 2,
                    "name": "Edrward 72",
                    "openmrsid": "asdasdasdkjh12372",
                    "status": "Alive",
                    "syncstatus": "Synced",
                    "type": "Feautire",
                    "username": "edward 72",
                    "version": "72",
                  },
                  Object {
                    "created": 2020-10-22T09:15:56.000Z,
                    "externalid": "asdkjh12373",
                    "key": "73",
                    "lastupdated": 2020-10-22T09:15:56.000Z,
                    "level": 2,
                    "name": "Edrward 73",
                    "openmrsid": "asdasdasdkjh12373",
                    "status": "Alive",
                    "syncstatus": "Synced",
                    "type": "Feautire",
                    "username": "edward 73",
                    "version": "73",
                  },
                  Object {
                    "created": 2020-10-22T09:15:56.000Z,
                    "externalid": "asdkjh12374",
                    "key": "74",
                    "lastupdated": 2020-10-22T09:15:56.000Z,
                    "level": 2,
                    "name": "Edrward 74",
                    "openmrsid": "asdasdasdkjh12374",
                    "status": "Alive",
                    "syncstatus": "Synced",
                    "type": "Feautire",
                    "username": "edward 74",
                    "version": "74",
                  },
                  Object {
                    "created": 2020-10-22T09:15:56.000Z,
                    "externalid": "asdkjh12375",
                    "key": "75",
                    "lastupdated": 2020-10-22T09:15:56.000Z,
                    "level": 2,
                    "name": "Edrward 75",
                    "openmrsid": "asdasdasdkjh12375",
                    "status": "Alive",
                    "syncstatus": "Synced",
                    "type": "Feautire",
                    "username": "edward 75",
                    "version": "75",
                  },
                  Object {
                    "created": 2020-10-22T09:15:56.000Z,
                    "externalid": "asdkjh12376",
                    "key": "76",
                    "lastupdated": 2020-10-22T09:15:56.000Z,
                    "level": 2,
                    "name": "Edrward 76",
                    "openmrsid": "asdasdasdkjh12376",
                    "status": "Alive",
                    "syncstatus": "Synced",
                    "type": "Feautire",
                    "username": "edward 76",
                    "version": "76",
                  },
                  Object {
                    "created": 2020-10-22T09:15:56.000Z,
                    "externalid": "asdkjh12377",
                    "key": "77",
                    "lastupdated": 2020-10-22T09:15:56.000Z,
                    "level": 2,
                    "name": "Edrward 77",
                    "openmrsid": "asdasdasdkjh12377",
                    "status": "Alive",
                    "syncstatus": "Synced",
                    "type": "Feautire",
                    "username": "edward 77",
                    "version": "77",
                  },
                  Object {
                    "created": 2020-10-22T09:15:56.000Z,
                    "externalid": "asdkjh12378",
                    "key": "78",
                    "lastupdated": 2020-10-22T09:15:56.000Z,
                    "level": 2,
                    "name": "Edrward 78",
                    "openmrsid": "asdasdasdkjh12378",
                    "status": "Alive",
                    "syncstatus": "Synced",
                    "type": "Feautire",
                    "username": "edward 78",
                    "version": "78",
                  },
                  Object {
                    "created": 2020-10-22T09:15:56.000Z,
                    "externalid": "asdkjh12379",
                    "key": "79",
                    "lastupdated": 2020-10-22T09:15:56.000Z,
                    "level": 2,
                    "name": "Edrward 79",
                    "openmrsid": "asdasdasdkjh12379",
                    "status": "Alive",
                    "syncstatus": "Synced",
                    "type": "Feautire",
                    "username": "edward 79",
                    "version": "79",
                  },
                  Object {
                    "created": 2020-10-22T09:15:56.000Z,
                    "externalid": "asdkjh12380",
                    "key": "80",
                    "lastupdated": 2020-10-22T09:15:56.000Z,
                    "level": 2,
                    "name": "Edrward 80",
                    "openmrsid": "asdasdasdkjh12380",
                    "status": "Alive",
                    "syncstatus": "Synced",
                    "type": "Feautire",
                    "username": "edward 80",
                    "version": "80",
                  },
                  Object {
                    "created": 2020-10-22T09:15:56.000Z,
                    "externalid": "asdkjh12381",
                    "key": "81",
                    "lastupdated": 2020-10-22T09:15:56.000Z,
                    "level": 2,
                    "name": "Edrward 81",
                    "openmrsid": "asdasdasdkjh12381",
                    "status": "Alive",
                    "syncstatus": "Synced",
                    "type": "Feautire",
                    "username": "edward 81",
                    "version": "81",
                  },
                  Object {
                    "created": 2020-10-22T09:15:56.000Z,
                    "externalid": "asdkjh12382",
                    "key": "82",
                    "lastupdated": 2020-10-22T09:15:56.000Z,
                    "level": 2,
                    "name": "Edrward 82",
                    "openmrsid": "asdasdasdkjh12382",
                    "status": "Alive",
                    "syncstatus": "Synced",
                    "type": "Feautire",
                    "username": "edward 82",
                    "version": "82",
                  },
                  Object {
                    "created": 2020-10-22T09:15:56.000Z,
                    "externalid": "asdkjh12383",
                    "key": "83",
                    "lastupdated": 2020-10-22T09:15:56.000Z,
                    "level": 2,
                    "name": "Edrward 83",
                    "openmrsid": "asdasdasdkjh12383",
                    "status": "Alive",
                    "syncstatus": "Synced",
                    "type": "Feautire",
                    "username": "edward 83",
                    "version": "83",
                  },
                  Object {
                    "created": 2020-10-22T09:15:56.000Z,
                    "externalid": "asdkjh12384",
                    "key": "84",
                    "lastupdated": 2020-10-22T09:15:56.000Z,
                    "level": 2,
                    "name": "Edrward 84",
                    "openmrsid": "asdasdasdkjh12384",
                    "status": "Alive",
                    "syncstatus": "Synced",
                    "type": "Feautire",
                    "username": "edward 84",
                    "version": "84",
                  },
                  Object {
                    "created": 2020-10-22T09:15:56.000Z,
                    "externalid": "asdkjh12385",
                    "key": "85",
                    "lastupdated": 2020-10-22T09:15:56.000Z,
                    "level": 2,
                    "name": "Edrward 85",
                    "openmrsid": "asdasdasdkjh12385",
                    "status": "Alive",
                    "syncstatus": "Synced",
                    "type": "Feautire",
                    "username": "edward 85",
                    "version": "85",
                  },
                  Object {
                    "created": 2020-10-22T09:15:56.000Z,
                    "externalid": "asdkjh12386",
                    "key": "86",
                    "lastupdated": 2020-10-22T09:15:56.000Z,
                    "level": 2,
                    "name": "Edrward 86",
                    "openmrsid": "asdasdasdkjh12386",
                    "status": "Alive",
                    "syncstatus": "Synced",
                    "type": "Feautire",
                    "username": "edward 86",
                    "version": "86",
                  },
                  Object {
                    "created": 2020-10-22T09:15:56.000Z,
                    "externalid": "asdkjh12387",
                    "key": "87",
                    "lastupdated": 2020-10-22T09:15:56.000Z,
                    "level": 2,
                    "name": "Edrward 87",
                    "openmrsid": "asdasdasdkjh12387",
                    "status": "Alive",
                    "syncstatus": "Synced",
                    "type": "Feautire",
                    "username": "edward 87",
                    "version": "87",
                  },
                  Object {
                    "created": 2020-10-22T09:15:56.000Z,
                    "externalid": "asdkjh12388",
                    "key": "88",
                    "lastupdated": 2020-10-22T09:15:56.000Z,
                    "level": 2,
                    "name": "Edrward 88",
                    "openmrsid": "asdasdasdkjh12388",
                    "status": "Alive",
                    "syncstatus": "Synced",
                    "type": "Feautire",
                    "username": "edward 88",
                    "version": "88",
                  },
                  Object {
                    "created": 2020-10-22T09:15:56.000Z,
                    "externalid": "asdkjh12389",
                    "key": "89",
                    "lastupdated": 2020-10-22T09:15:56.000Z,
                    "level": 2,
                    "name": "Edrward 89",
                    "openmrsid": "asdasdasdkjh12389",
                    "status": "Alive",
                    "syncstatus": "Synced",
                    "type": "Feautire",
                    "username": "edward 89",
                    "version": "89",
                  },
                  Object {
                    "created": 2020-10-22T09:15:56.000Z,
                    "externalid": "asdkjh12390",
                    "key": "90",
                    "lastupdated": 2020-10-22T09:15:56.000Z,
                    "level": 2,
                    "name": "Edrward 90",
                    "openmrsid": "asdasdasdkjh12390",
                    "status": "Alive",
                    "syncstatus": "Synced",
                    "type": "Feautire",
                    "username": "edward 90",
                    "version": "90",
                  },
                  Object {
                    "created": 2020-10-22T09:15:56.000Z,
                    "externalid": "asdkjh12391",
                    "key": "91",
                    "lastupdated": 2020-10-22T09:15:56.000Z,
                    "level": 2,
                    "name": "Edrward 91",
                    "openmrsid": "asdasdasdkjh12391",
                    "status": "Alive",
                    "syncstatus": "Synced",
                    "type": "Feautire",
                    "username": "edward 91",
                    "version": "91",
                  },
                  Object {
                    "created": 2020-10-22T09:15:56.000Z,
                    "externalid": "asdkjh12392",
                    "key": "92",
                    "lastupdated": 2020-10-22T09:15:56.000Z,
                    "level": 2,
                    "name": "Edrward 92",
                    "openmrsid": "asdasdasdkjh12392",
                    "status": "Alive",
                    "syncstatus": "Synced",
                    "type": "Feautire",
                    "username": "edward 92",
                    "version": "92",
                  },
                  Object {
                    "created": 2020-10-22T09:15:56.000Z,
                    "externalid": "asdkjh12393",
                    "key": "93",
                    "lastupdated": 2020-10-22T09:15:56.000Z,
                    "level": 2,
                    "name": "Edrward 93",
                    "openmrsid": "asdasdasdkjh12393",
                    "status": "Alive",
                    "syncstatus": "Synced",
                    "type": "Feautire",
                    "username": "edward 93",
                    "version": "93",
                  },
                  Object {
                    "created": 2020-10-22T09:15:56.000Z,
                    "externalid": "asdkjh12394",
                    "key": "94",
                    "lastupdated": 2020-10-22T09:15:56.000Z,
                    "level": 2,
                    "name": "Edrward 94",
                    "openmrsid": "asdasdasdkjh12394",
                    "status": "Alive",
                    "syncstatus": "Synced",
                    "type": "Feautire",
                    "username": "edward 94",
                    "version": "94",
                  },
                  Object {
                    "created": 2020-10-22T09:15:56.000Z,
                    "externalid": "asdkjh12395",
                    "key": "95",
                    "lastupdated": 2020-10-22T09:15:56.000Z,
                    "level": 2,
                    "name": "Edrward 95",
                    "openmrsid": "asdasdasdkjh12395",
                    "status": "Alive",
                    "syncstatus": "Synced",
                    "type": "Feautire",
                    "username": "edward 95",
                    "version": "95",
                  },
                  Object {
                    "created": 2020-10-22T09:15:56.000Z,
                    "externalid": "asdkjh12396",
                    "key": "96",
                    "lastupdated": 2020-10-22T09:15:56.000Z,
                    "level": 2,
                    "name": "Edrward 96",
                    "openmrsid": "asdasdasdkjh12396",
                    "status": "Alive",
                    "syncstatus": "Synced",
                    "type": "Feautire",
                    "username": "edward 96",
                    "version": "96",
                  },
                  Object {
                    "created": 2020-10-22T09:15:56.000Z,
                    "externalid": "asdkjh12397",
                    "key": "97",
                    "lastupdated": 2020-10-22T09:15:56.000Z,
                    "level": 2,
                    "name": "Edrward 97",
                    "openmrsid": "asdasdasdkjh12397",
                    "status": "Alive",
                    "syncstatus": "Synced",
                    "type": "Feautire",
                    "username": "edward 97",
                    "version": "97",
                  },
                  Object {
                    "created": 2020-10-22T09:15:56.000Z,
                    "externalid": "asdkjh12398",
                    "key": "98",
                    "lastupdated": 2020-10-22T09:15:56.000Z,
                    "level": 2,
                    "name": "Edrward 98",
                    "openmrsid": "asdasdasdkjh12398",
                    "status": "Alive",
                    "syncstatus": "Synced",
                    "type": "Feautire",
                    "username": "edward 98",
                    "version": "98",
                  },
                  Object {
                    "created": 2020-10-22T09:15:56.000Z,
                    "externalid": "asdkjh12399",
                    "key": "99",
                    "lastupdated": 2020-10-22T09:15:56.000Z,
                    "level": 2,
                    "name": "Edrward 99",
                    "openmrsid": "asdasdasdkjh12399",
                    "status": "Alive",
                    "syncstatus": "Synced",
                    "type": "Feautire",
                    "username": "edward 99",
                    "version": "99",
                  },
                ]
              }
              rowClassName="editable-row"
              rowKey="key"
            />
          </ForwardRef(InternalForm)>
        </div>
      </Col>
    </Row>,
  ],
}
`;
