// Jest Snapshot v1, https://goo.gl/fbAQLP

exports[`routes Test Enabled Routes 1`] = `
Array [
  Object {
    "children": Array [
      Object {
        "key": "missions-active",
        "title": "Active",
        "url": "/missions/active",
      },
      Object {
        "key": "missions-draft",
        "title": "Draft",
        "url": "/missions/draft",
      },
      Object {
        "key": "missions-complete",
        "title": "Complete",
        "url": "/missions/complete",
      },
      Object {
        "key": "missions-trash",
        "title": "Retired",
        "url": "/missions/trash",
      },
    ],
    "enabled": true,
    "key": "missions",
    "otherProps": Object {
      "icon": <MapMarkerOutlineIcon
        className="sidebar-icons"
      />,
    },
    "title": "Missions",
  },
  Object {
    "children": Array [
      Object {
        "key": "inventory-list",
        "title": "Service point inventory",
        "url": "/inventory/list",
      },
    ],
    "enabled": true,
    "key": "inventory",
    "otherProps": Object {
      "icon": <ArchiveOutlineIcon
        className="sidebar-icons"
      />,
    },
    "title": "Inventory",
  },
  Object {
    "children": Array [
      Object {
        "children": Array [
          Object {
            "key": "user-management",
            "title": "User Management",
            "url": "/admin/users",
          },
        ],
        "enabled": true,
        "key": "users",
        "title": "Users",
      },
      Object {
        "children": Array [
          Object {
            "key": "location-unit",
            "title": "Location unit",
            "url": "/admin/location/unit",
          },
          Object {
            "key": "location-group",
            "title": "Location unit group",
            "url": "/admin/location/group",
          },
        ],
        "enabled": true,
        "key": "location",
        "title": "Locations",
      },
      Object {
        "enabled": true,
        "key": "product-catalogue",
        "title": "Product Catalogue",
        "url": "/admin/admin/product-catalogue",
      },
      Object {
        "children": Array [
          Object {
            "key": "teams-list",
            "title": "Teams",
            "url": "/admin/teams",
          },
          Object {
            "key": "team-assignment",
            "title": "Team Assignment",
            "url": "/admin/teams/team-assignment",
          },
        ],
        "enabled": true,
        "key": "teams",
        "title": "Teams",
      },
      Object {
        "children": Array [
          Object {
            "key": "form-config-releases",
            "title": "Manifest Releases",
            "url": "/admin/form-config/releases",
          },
          Object {
            "key": "form-config-draft",
            "title": "Draft Files",
            "url": "/admin/form-config/drafts",
          },
          Object {
            "key": "form-config-validators",
            "title": "JSON Validators",
            "url": "/admin/form-config/json-validators",
          },
        ],
        "enabled": true,
        "key": "form-config",
        "title": "Form Configuration",
      },
    ],
    "enabled": true,
    "key": "admin",
    "otherProps": Object {
      "icon": <ForwardRef(DashboardOutlined) />,
    },
    "title": "Admin",
    "url": "/admin",
  },
  Object {
    "children": Array [
      Object {
        "key": "download-client-data",
        "title": "Download Client Data",
        "url": "/card-support/download-client-data",
      },
    ],
    "enabled": true,
    "key": "card-support",
    "otherProps": Object {
      "icon": <ForwardRef(IdcardOutlined) />,
    },
    "title": "Card Support",
  },
]
`;
