// Jest Snapshot v1, https://goo.gl/fbAQLP

exports[`components/ConnectedHeader renders the ConnectedHeader component: child 1`] = `
<Button
  className="bg-transparent border-0"
  data-index="login-button"
  icon={<ForwardRef(BellOutlined) />}
  type="primary"
>
  <Link
    data-index="login-link"
    to="/login"
  >
    Login
  </Link>
</Button>
`;

exports[`components/ConnectedHeader renders the ConnectedHeader component: child 2`] = `
<LanguageSwitcher
  allLanguageOptions={
    Object {
      "en": "English",
      "fr": "Français",
    }
  }
  onLanguageChange={[Function]}
  supportedLanguages={
    Array [
      "en",
      "fr",
    ]
  }
  value="en-en"
/>
`;
