// Jest Snapshot v1, https://goo.gl/fbAQLP

exports[`components/ConnectedHeader renders the ConnectedHeader component: child 1`] = `
<Button
  className="bg-transparent border-0"
  data-index="login-button"
  icon={<ForwardRef(BellOutlined) />}
  onClick={[Function]}
  type="primary"
>
  Login
</Button>
`;

exports[`components/ConnectedHeader renders the ConnectedHeader component: child 2`] = `
<LanguageSwitcher
  allLanguageOptions={
    Object {
      "en": "English",
      "fr": "Français",
    }
  }
  onLanguageChange={[Function]}
  supportedLanguages={
    Array [
      "en",
      "fr",
    ]
  }
  value="en-en"
/>
`;

exports[`components/ConnectedHeader renders the ConnectedHeader component: login button 1`] = `
<button
  className="ant-btn css-dev-only-do-not-override-k7429z ant-btn-primary bg-transparent border-0"
  data-index="login-button"
  disabled={false}
  onClick={[Function]}
  type="button"
>
  <ForwardRef
    prefixCls="ant-btn"
  >
    <span
      className="ant-btn-icon"
    >
      <ForwardRef(BellOutlined)>
        <AntdIcon
          icon={
            Object {
              "icon": Object {
                "attrs": Object {
                  "focusable": "false",
                  "viewBox": "64 64 896 896",
                },
                "children": Array [
                  Object {
                    "attrs": Object {
                      "d": "M816 768h-24V428c0-141.1-104.3-257.7-240-277.1V112c0-22.1-17.9-40-40-40s-40 17.9-40 40v38.9c-135.7 19.4-240 136-240 277.1v340h-24c-17.7 0-32 14.3-32 32v32c0 4.4 3.6 8 8 8h216c0 61.8 50.2 112 112 112s112-50.2 112-112h216c4.4 0 8-3.6 8-8v-32c0-17.7-14.3-32-32-32zM512 888c-26.5 0-48-21.5-48-48h96c0 26.5-21.5 48-48 48zM304 768V428c0-55.6 21.6-107.8 60.9-147.1S456.4 220 512 220c55.6 0 107.8 21.6 147.1 60.9S720 372.4 720 428v340H304z",
                    },
                    "tag": "path",
                  },
                ],
                "tag": "svg",
              },
              "name": "bell",
              "theme": "outlined",
            }
          }
        >
          <span
            aria-label="bell"
            className="anticon anticon-bell"
            role="img"
          >
            <IconReact
              icon={
                Object {
                  "icon": Object {
                    "attrs": Object {
                      "focusable": "false",
                      "viewBox": "64 64 896 896",
                    },
                    "children": Array [
                      Object {
                        "attrs": Object {
                          "d": "M816 768h-24V428c0-141.1-104.3-257.7-240-277.1V112c0-22.1-17.9-40-40-40s-40 17.9-40 40v38.9c-135.7 19.4-240 136-240 277.1v340h-24c-17.7 0-32 14.3-32 32v32c0 4.4 3.6 8 8 8h216c0 61.8 50.2 112 112 112s112-50.2 112-112h216c4.4 0 8-3.6 8-8v-32c0-17.7-14.3-32-32-32zM512 888c-26.5 0-48-21.5-48-48h96c0 26.5-21.5 48-48 48zM304 768V428c0-55.6 21.6-107.8 60.9-147.1S456.4 220 512 220c55.6 0 107.8 21.6 147.1 60.9S720 372.4 720 428v340H304z",
                        },
                        "tag": "path",
                      },
                    ],
                    "tag": "svg",
                  },
                  "name": "bell",
                  "theme": "outlined",
                }
              }
            >
              <svg
                aria-hidden="true"
                data-icon="bell"
                fill="currentColor"
                focusable="false"
                height="1em"
                key="svg-bell"
                viewBox="64 64 896 896"
                width="1em"
              >
                <path
                  d="M816 768h-24V428c0-141.1-104.3-257.7-240-277.1V112c0-22.1-17.9-40-40-40s-40 17.9-40 40v38.9c-135.7 19.4-240 136-240 277.1v340h-24c-17.7 0-32 14.3-32 32v32c0 4.4 3.6 8 8 8h216c0 61.8 50.2 112 112 112s112-50.2 112-112h216c4.4 0 8-3.6 8-8v-32c0-17.7-14.3-32-32-32zM512 888c-26.5 0-48-21.5-48-48h96c0 26.5-21.5 48-48 48zM304 768V428c0-55.6 21.6-107.8 60.9-147.1S456.4 220 512 220c55.6 0 107.8 21.6 147.1 60.9S720 372.4 720 428v340H304z"
                  key="svg-bell-svg-0"
                />
              </svg>
            </IconReact>
          </span>
        </AntdIcon>
      </ForwardRef(BellOutlined)>
    </span>
  </ForwardRef>
  <span
    key=".0"
  >
    Login
  </span>
</button>
`;
