// Jest Snapshot v1, https://goo.gl/fbAQLP

exports[`components/ConnectedHeader renders the ConnectedHeader component: child 1`] = `
<Button
  block={false}
  className="bg-transparent border-0"
  ghost={false}
  htmlType="button"
  icon={<ForwardRef(BellOutlined) />}
  loading={false}
  type="primary"
>
  <Link
    to="/login"
  >
    Login
  </Link>
</Button>
`;

exports[`components/ConnectedHeader renders the ConnectedHeader component: child 2`] = `
<LanguageSwitcher
  allLanguageOptions={
    Object {
      "en": "English",
      "fr": "Français",
    }
  }
  onLanguageChange={[Function]}
  supportedLanguages={
    Array [
      "en",
      "fr",
    ]
  }
/>
`;
