// Jest Snapshot v1, https://goo.gl/fbAQLP

exports[`src/components/page/CustomCallback.SuccessfulLogin renders callback component correctly: custom api callback component 1`] = `
<CustomConnectedAPICallBack>
  <Connect(APICallback)
    LoadingComponent={[Function]}
    SuccessfulLoginComponent={[Function]}
    UnSuccessfulLoginComponent={[Function]}
    apiURL="http://localhost:3000/oauth/state"
  >
    <APICallback
      ErrorComponent={[Function]}
      HTTP404Component={[Function]}
      LoadingComponent={[Function]}
      SuccessfulLoginComponent={[Function]}
      UnSuccessfulLoginComponent={[Function]}
      apiURL="http://localhost:3000/oauth/state"
      authSuccess={null}
      authenticateActionCreator={[Function]}
      authenticated={false}
      authenticationProgressCreator={[Function]}
      logoutActionCreator={[Function]}
      recordResultActionCreator={[Function]}
      sessionData={Object {}}
      sessionUser={
        Object {
          "email": "",
          "gravatar": "",
          "name": "",
          "username": "",
        }
      }
      working={true}
    >
      <BaseCallbackComponent
        LoadingComponent={[Function]}
        SuccessfulLoginComponent={[Function]}
        UnSuccessfulLoginComponent={[Function]}
        authSuccess={null}
        authenticated={false}
        sessionData={Object {}}
        sessionUser={
          Object {
            "email": "",
            "gravatar": "",
            "name": "",
            "username": "",
          }
        }
        working={true}
      >
        <Ripple
          borderColor="#ff5d00"
          borderStyle="solid"
          borderWidth="4px"
          height="64px"
          minHeight="80vh"
          width="64px"
        >
          <div
            className="lds-ripple-parent"
            style={
              Object {
                "minHeight": "80vh",
              }
            }
          >
            <div
              className="lds-ripple"
              style={
                Object {
                  "height": "64px",
                  "width": "64px",
                }
              }
            >
              <div
                style={
                  Object {
                    "borderColor": "#ff5d00",
                    "borderStyle": "solid",
                    "borderWidth": "4px",
                  }
                }
              />
              <div
                style={
                  Object {
                    "borderColor": "#ff5d00",
                    "borderStyle": "solid",
                    "borderWidth": "4px",
                  }
                }
              />
            </div>
          </div>
        </Ripple>
      </BaseCallbackComponent>
    </APICallback>
  </Connect(APICallback)>
</CustomConnectedAPICallBack>
`;
