// Jest Snapshot v1, https://goo.gl/fbAQLP

exports[`components/Logout renders logout component 1`] = `
<CustomLogout>
  <Ripple
    borderColor="#ff5d00"
    borderStyle="solid"
    borderWidth="4px"
    height="64px"
    minHeight="80vh"
    width="64px"
  >
    <div
      className="lds-ripple-parent"
      style={
        Object {
          "minHeight": "80vh",
        }
      }
    >
      <div
        className="lds-ripple"
        style={
          Object {
            "height": "64px",
            "width": "64px",
          }
        }
      >
        <div
          style={
            Object {
              "borderColor": "#ff5d00",
              "borderStyle": "solid",
              "borderWidth": "4px",
            }
          }
        />
        <div
          style={
            Object {
              "borderColor": "#ff5d00",
              "borderStyle": "solid",
              "borderWidth": "4px",
            }
          }
        />
      </div>
    </div>
  </Ripple>
</CustomLogout>
`;
