// Jest Snapshot v1, https://goo.gl/fbAQLP

exports[`components/ConnectedSidebar renders the ConnectedSidebar component 1`] = `
Object {
  "children": Array [
    <div
      className="ant-layout-sider-children"
    >
      <div
        className="logo"
      >
        <Link
          to="/"
        >
          <img
            alt=""
            className="img-fluid"
            src="test-file-stub"
          />
        </Link>
      </div>
      <Menu
        className="menu-dark"
        defaultSelectedKeys={
          Array [
            "1",
          ]
        }
        mode="inline"
        theme="dark"
      >
        <SubMenu
          icon={<ForwardRef(DashboardOutlined) />}
          title="Admin"
        >
          <MenuItem>
            <Link
              className="admin-link"
              to="/teams"
            >
              Teams
            </Link>
          </MenuItem>
          <MenuItem>
            <Link
              className="admin-link"
              to="/product-catalogue"
            >
              Product Catalogue
            </Link>
          </MenuItem>
          <SubMenu
            title="Locations"
          >
            <MenuItem>
              Locations unit
            </MenuItem>
            <MenuItem>
              Locations unit group
            </MenuItem>
            <MenuItem>
              Locations unit group set
            </MenuItem>
          </SubMenu>
        </SubMenu>
      </Menu>
    </div>,
    null,
  ],
  "className": "ant-layout-sider ant-layout-sider-dark layout-sider",
  "style": Object {
    "flex": "0 0 275px",
    "maxWidth": "275px",
    "minWidth": "275px",
    "width": "275px",
  },
}
`;
