// Jest Snapshot v1, https://goo.gl/fbAQLP

exports[`components/ConnectedSidebar Test order of menu 1`] = `
Array [
  <SubMenu
    icon={<ForwardRef(DashboardOutlined) />}
    title="Missions"
  >
    <MenuItem>
      <Link
        className="admin-link"
        to="/missions/active"
      >
        Active
      </Link>
    </MenuItem>
    <MenuItem>
      <Link
        className="admin-link"
        to="/missions/draft"
      >
        Draft
      </Link>
    </MenuItem>
    <MenuItem>
      <Link
        className="admin-link"
        to="/missions/complete"
      >
        Complete
      </Link>
    </MenuItem>
    <MenuItem>
      <Link
        className="admin-link"
        to="/missions/trash"
      >
        Trash
      </Link>
    </MenuItem>
  </SubMenu>,
  <SubMenu
    icon={<ForwardRef(DashboardOutlined) />}
    title="Admin"
  >
    <SubMenu
      title="Users"
    >
      <MenuItem>
        <Link
          className="admin-link"
          to="/admin/users/list"
        >
          User Management
        </Link>
      </MenuItem>
    </SubMenu>
    <MenuItem>
      <Link
        className="admin-link"
        to="/admin/teams"
      >
        Teams
      </Link>
    </MenuItem>
    <MenuItem>
      <Link
        className="admin-link"
        to="/product-catalogue/list"
      >
        Product Catalogue
      </Link>
    </MenuItem>
    <SubMenu
      title="Locations"
    >
      <MenuItem>
        <Link
          className="admin-link"
          to="/admin/location/unit"
        >
          Locations unit
        </Link>
      </MenuItem>
      <MenuItem>
        <Link
          className="admin-link"
          to="/admin/location/group"
        >
          Locations unit group
        </Link>
      </MenuItem>
    </SubMenu>
    <SubMenu
      title="Form Configurations"
    >
      <MenuItem>
        <Link
          className="admin-link"
          to="/admin/form-config/releases"
        >
          Manifest Releases
        </Link>
      </MenuItem>
      <MenuItem>
        <Link
          className="admin-link"
          to="/admin/form-config/drafts"
        >
          Draft Files
        </Link>
      </MenuItem>
      <MenuItem>
        <Link
          className="admin-link"
          to="/admin/form-config/json-validators"
        >
          JSON Validators
        </Link>
      </MenuItem>
    </SubMenu>
  </SubMenu>,
]
`;

exports[`components/ConnectedSidebar correctly expand admin-form-config menu 1`] = `
Array [
  <SubMenu
    icon={<ForwardRef(DashboardOutlined) />}
    title="Missions"
  >
    <MenuItem>
      <Link
        className="admin-link"
        to="/missions/active"
      >
        Active
      </Link>
    </MenuItem>
    <MenuItem>
      <Link
        className="admin-link"
        to="/missions/draft"
      >
        Draft
      </Link>
    </MenuItem>
    <MenuItem>
      <Link
        className="admin-link"
        to="/missions/complete"
      >
        Complete
      </Link>
    </MenuItem>
    <MenuItem>
      <Link
        className="admin-link"
        to="/missions/trash"
      >
        Trash
      </Link>
    </MenuItem>
  </SubMenu>,
  <SubMenu
    icon={<ForwardRef(DashboardOutlined) />}
    title="Admin"
  >
    <SubMenu
      title="Users"
    >
      <MenuItem>
        <Link
          className="admin-link"
          to="/admin/users/list"
        >
          User Management
        </Link>
      </MenuItem>
    </SubMenu>
    <MenuItem>
      <Link
        className="admin-link"
        to="/admin/teams"
      >
        Teams
      </Link>
    </MenuItem>
    <MenuItem>
      <Link
        className="admin-link"
        to="/product-catalogue/list"
      >
        Product Catalogue
      </Link>
    </MenuItem>
    <SubMenu
      title="Locations"
    >
      <MenuItem>
        <Link
          className="admin-link"
          to="/admin/location/unit"
        >
          Locations unit
        </Link>
      </MenuItem>
      <MenuItem>
        <Link
          className="admin-link"
          to="/admin/location/group"
        >
          Locations unit group
        </Link>
      </MenuItem>
    </SubMenu>
    <SubMenu
      title="Form Configurations"
    >
      <MenuItem>
        <Link
          className="admin-link"
          to="/admin/form-config/releases"
        >
          Manifest Releases
        </Link>
      </MenuItem>
      <MenuItem>
        <Link
          className="admin-link"
          to="/admin/form-config/drafts"
        >
          Draft Files
        </Link>
      </MenuItem>
      <MenuItem>
        <Link
          className="admin-link"
          to="/admin/form-config/json-validators"
        >
          JSON Validators
        </Link>
      </MenuItem>
    </SubMenu>
  </SubMenu>,
]
`;

exports[`components/ConnectedSidebar correctly expand form-config menu 1`] = `
Array [
  <SubMenu
    icon={<ForwardRef(DashboardOutlined) />}
    title="Missions"
  >
    <MenuItem>
      <Link
        className="admin-link"
        to="/missions/active"
      >
        Active
      </Link>
    </MenuItem>
    <MenuItem>
      <Link
        className="admin-link"
        to="/missions/draft"
      >
        Draft
      </Link>
    </MenuItem>
    <MenuItem>
      <Link
        className="admin-link"
        to="/missions/complete"
      >
        Complete
      </Link>
    </MenuItem>
    <MenuItem>
      <Link
        className="admin-link"
        to="/missions/trash"
      >
        Trash
      </Link>
    </MenuItem>
  </SubMenu>,
  <SubMenu
    icon={<ForwardRef(DashboardOutlined) />}
    title="Admin"
  >
    <SubMenu
      title="Users"
    >
      <MenuItem>
        <Link
          className="admin-link"
          to="/admin/users/list"
        >
          User Management
        </Link>
      </MenuItem>
    </SubMenu>
    <MenuItem>
      <Link
        className="admin-link"
        to="/admin/teams"
      >
        Teams
      </Link>
    </MenuItem>
    <MenuItem>
      <Link
        className="admin-link"
        to="/product-catalogue/list"
      >
        Product Catalogue
      </Link>
    </MenuItem>
    <SubMenu
      title="Locations"
    >
      <MenuItem>
        <Link
          className="admin-link"
          to="/admin/location/unit"
        >
          Locations unit
        </Link>
      </MenuItem>
      <MenuItem>
        <Link
          className="admin-link"
          to="/admin/location/group"
        >
          Locations unit group
        </Link>
      </MenuItem>
    </SubMenu>
    <SubMenu
      title="Form Configurations"
    >
      <MenuItem>
        <Link
          className="admin-link"
          to="/admin/form-config/releases"
        >
          Manifest Releases
        </Link>
      </MenuItem>
      <MenuItem>
        <Link
          className="admin-link"
          to="/admin/form-config/drafts"
        >
          Draft Files
        </Link>
      </MenuItem>
      <MenuItem>
        <Link
          className="admin-link"
          to="/admin/form-config/json-validators"
        >
          JSON Validators
        </Link>
      </MenuItem>
    </SubMenu>
  </SubMenu>,
]
`;

exports[`components/ConnectedSidebar correctly expand location menu 1`] = `
Array [
  <SubMenu
    icon={<ForwardRef(DashboardOutlined) />}
    title="Missions"
  >
    <MenuItem>
      <Link
        className="admin-link"
        to="/missions/active"
      >
        Active
      </Link>
    </MenuItem>
    <MenuItem>
      <Link
        className="admin-link"
        to="/missions/draft"
      >
        Draft
      </Link>
    </MenuItem>
    <MenuItem>
      <Link
        className="admin-link"
        to="/missions/complete"
      >
        Complete
      </Link>
    </MenuItem>
    <MenuItem>
      <Link
        className="admin-link"
        to="/missions/trash"
      >
        Trash
      </Link>
    </MenuItem>
  </SubMenu>,
  <SubMenu
    icon={<ForwardRef(DashboardOutlined) />}
    title="Admin"
  >
    <SubMenu
      title="Users"
    >
      <MenuItem>
        <Link
          className="admin-link"
          to="/admin/users/list"
        >
          User Management
        </Link>
      </MenuItem>
    </SubMenu>
    <MenuItem>
      <Link
        className="admin-link"
        to="/admin/teams"
      >
        Teams
      </Link>
    </MenuItem>
    <MenuItem>
      <Link
        className="admin-link"
        to="/product-catalogue/list"
      >
        Product Catalogue
      </Link>
    </MenuItem>
    <SubMenu
      title="Locations"
    >
      <MenuItem>
        <Link
          className="admin-link"
          to="/admin/location/unit"
        >
          Locations unit
        </Link>
      </MenuItem>
      <MenuItem>
        <Link
          className="admin-link"
          to="/admin/location/group"
        >
          Locations unit group
        </Link>
      </MenuItem>
    </SubMenu>
    <SubMenu
      title="Form Configurations"
    >
      <MenuItem>
        <Link
          className="admin-link"
          to="/admin/form-config/releases"
        >
          Manifest Releases
        </Link>
      </MenuItem>
      <MenuItem>
        <Link
          className="admin-link"
          to="/admin/form-config/drafts"
        >
          Draft Files
        </Link>
      </MenuItem>
      <MenuItem>
        <Link
          className="admin-link"
          to="/admin/form-config/json-validators"
        >
          JSON Validators
        </Link>
      </MenuItem>
    </SubMenu>
  </SubMenu>,
]
`;

exports[`components/ConnectedSidebar correctly expand location menu 2`] = `
Array [
  <SubMenu
    icon={<ForwardRef(DashboardOutlined) />}
    title="Missions"
  >
    <MenuItem>
      <Link
        className="admin-link"
        to="/missions/active"
      >
        Active
      </Link>
    </MenuItem>
    <MenuItem>
      <Link
        className="admin-link"
        to="/missions/draft"
      >
        Draft
      </Link>
    </MenuItem>
    <MenuItem>
      <Link
        className="admin-link"
        to="/missions/complete"
      >
        Complete
      </Link>
    </MenuItem>
    <MenuItem>
      <Link
        className="admin-link"
        to="/missions/trash"
      >
        Trash
      </Link>
    </MenuItem>
  </SubMenu>,
  <SubMenu
    icon={<ForwardRef(DashboardOutlined) />}
    title="Admin"
  >
    <SubMenu
      title="Users"
    >
      <MenuItem>
        <Link
          className="admin-link"
          to="/admin/users/list"
        >
          User Management
        </Link>
      </MenuItem>
    </SubMenu>
    <MenuItem>
      <Link
        className="admin-link"
        to="/admin/teams"
      >
        Teams
      </Link>
    </MenuItem>
    <MenuItem>
      <Link
        className="admin-link"
        to="/product-catalogue/list"
      >
        Product Catalogue
      </Link>
    </MenuItem>
    <SubMenu
      title="Locations"
    >
      <MenuItem>
        <Link
          className="admin-link"
          to="/admin/location/unit"
        >
          Locations unit
        </Link>
      </MenuItem>
      <MenuItem>
        <Link
          className="admin-link"
          to="/admin/location/group"
        >
          Locations unit group
        </Link>
      </MenuItem>
    </SubMenu>
    <SubMenu
      title="Form Configurations"
    >
      <MenuItem>
        <Link
          className="admin-link"
          to="/admin/form-config/releases"
        >
          Manifest Releases
        </Link>
      </MenuItem>
      <MenuItem>
        <Link
          className="admin-link"
          to="/admin/form-config/drafts"
        >
          Draft Files
        </Link>
      </MenuItem>
      <MenuItem>
        <Link
          className="admin-link"
          to="/admin/form-config/json-validators"
        >
          JSON Validators
        </Link>
      </MenuItem>
    </SubMenu>
  </SubMenu>,
]
`;

exports[`components/ConnectedSidebar correctly expand users menu 1`] = `
Array [
  <SubMenu
    icon={<ForwardRef(DashboardOutlined) />}
    title="Missions"
  >
    <MenuItem>
      <Link
        className="admin-link"
        to="/missions/active"
      >
        Active
      </Link>
    </MenuItem>
    <MenuItem>
      <Link
        className="admin-link"
        to="/missions/draft"
      >
        Draft
      </Link>
    </MenuItem>
    <MenuItem>
      <Link
        className="admin-link"
        to="/missions/complete"
      >
        Complete
      </Link>
    </MenuItem>
    <MenuItem>
      <Link
        className="admin-link"
        to="/missions/trash"
      >
        Trash
      </Link>
    </MenuItem>
  </SubMenu>,
  <SubMenu
    icon={<ForwardRef(DashboardOutlined) />}
    title="Admin"
  >
    <SubMenu
      title="Users"
    >
      <MenuItem>
        <Link
          className="admin-link"
          to="/admin/users/list"
        >
          User Management
        </Link>
      </MenuItem>
    </SubMenu>
    <MenuItem>
      <Link
        className="admin-link"
        to="/admin/teams"
      >
        Teams
      </Link>
    </MenuItem>
    <MenuItem>
      <Link
        className="admin-link"
        to="/product-catalogue/list"
      >
        Product Catalogue
      </Link>
    </MenuItem>
    <SubMenu
      title="Locations"
    >
      <MenuItem>
        <Link
          className="admin-link"
          to="/admin/location/unit"
        >
          Locations unit
        </Link>
      </MenuItem>
      <MenuItem>
        <Link
          className="admin-link"
          to="/admin/location/group"
        >
          Locations unit group
        </Link>
      </MenuItem>
    </SubMenu>
    <SubMenu
      title="Form Configurations"
    >
      <MenuItem>
        <Link
          className="admin-link"
          to="/admin/form-config/releases"
        >
          Manifest Releases
        </Link>
      </MenuItem>
      <MenuItem>
        <Link
          className="admin-link"
          to="/admin/form-config/drafts"
        >
          Draft Files
        </Link>
      </MenuItem>
      <MenuItem>
        <Link
          className="admin-link"
          to="/admin/form-config/json-validators"
        >
          JSON Validators
        </Link>
      </MenuItem>
    </SubMenu>
  </SubMenu>,
]
`;

exports[`components/ConnectedSidebar correctly expand users menu 2`] = `
Array [
  <SubMenu
    icon={<ForwardRef(DashboardOutlined) />}
    title="Missions"
  >
    <MenuItem>
      <Link
        className="admin-link"
        to="/missions/active"
      >
        Active
      </Link>
    </MenuItem>
    <MenuItem>
      <Link
        className="admin-link"
        to="/missions/draft"
      >
        Draft
      </Link>
    </MenuItem>
    <MenuItem>
      <Link
        className="admin-link"
        to="/missions/complete"
      >
        Complete
      </Link>
    </MenuItem>
    <MenuItem>
      <Link
        className="admin-link"
        to="/missions/trash"
      >
        Trash
      </Link>
    </MenuItem>
  </SubMenu>,
  <SubMenu
    icon={<ForwardRef(DashboardOutlined) />}
    title="Admin"
  >
    <SubMenu
      title="Users"
    >
      <MenuItem>
        <Link
          className="admin-link"
          to="/admin/users/list"
        >
          User Management
        </Link>
      </MenuItem>
    </SubMenu>
    <MenuItem>
      <Link
        className="admin-link"
        to="/admin/teams"
      >
        Teams
      </Link>
    </MenuItem>
    <MenuItem>
      <Link
        className="admin-link"
        to="/product-catalogue/list"
      >
        Product Catalogue
      </Link>
    </MenuItem>
    <SubMenu
      title="Locations"
    >
      <MenuItem>
        <Link
          className="admin-link"
          to="/admin/location/unit"
        >
          Locations unit
        </Link>
      </MenuItem>
      <MenuItem>
        <Link
          className="admin-link"
          to="/admin/location/group"
        >
          Locations unit group
        </Link>
      </MenuItem>
    </SubMenu>
    <SubMenu
      title="Form Configurations"
    >
      <MenuItem>
        <Link
          className="admin-link"
          to="/admin/form-config/releases"
        >
          Manifest Releases
        </Link>
      </MenuItem>
      <MenuItem>
        <Link
          className="admin-link"
          to="/admin/form-config/drafts"
        >
          Draft Files
        </Link>
      </MenuItem>
      <MenuItem>
        <Link
          className="admin-link"
          to="/admin/form-config/json-validators"
        >
          JSON Validators
        </Link>
      </MenuItem>
    </SubMenu>
  </SubMenu>,
]
`;
