// Jest Snapshot v1, https://goo.gl/fbAQLP

exports[`components/Logout renders logout component 1`] = `
<CustomLogout>
  <Spin
    className="custom-spinner"
    size="large"
  >
    <Empty />
    <Spin
      className="custom-spinner"
      hashId="css-dev-only-do-not-override-k7429z"
      size="large"
      spinPrefixCls="ant-spin"
    >
      <div
        aria-busy={true}
        aria-live="polite"
        className="ant-spin ant-spin-lg ant-spin-spinning custom-spinner css-dev-only-do-not-override-k7429z"
      >
        <span
          className="ant-spin-dot ant-spin-dot-spin"
        >
          <i
            className="ant-spin-dot-item"
          />
          <i
            className="ant-spin-dot-item"
          />
          <i
            className="ant-spin-dot-item"
          />
          <i
            className="ant-spin-dot-item"
          />
        </span>
      </div>
    </Spin>
  </Spin>
</CustomLogout>
`;
